Archive member included to satisfy reference by file (symbol)

/Applications/ARM/bin/../lib/gcc/arm-none-eabi/10.3.1/../../../../arm-none-eabi/lib/thumb/v7-m/nofp/libc_nano.a(lib_a-exit.o)
                              /Applications/ARM/bin/../lib/gcc/arm-none-eabi/10.3.1/../../../../arm-none-eabi/lib/thumb/v7-m/nofp/crt0.o (exit)
/Applications/ARM/bin/../lib/gcc/arm-none-eabi/10.3.1/../../../../arm-none-eabi/lib/thumb/v7-m/nofp/libc_nano.a(lib_a-impure.o)
                              /Applications/ARM/bin/../lib/gcc/arm-none-eabi/10.3.1/../../../../arm-none-eabi/lib/thumb/v7-m/nofp/libc_nano.a(lib_a-exit.o) (_global_impure_ptr)
/Applications/ARM/bin/../lib/gcc/arm-none-eabi/10.3.1/../../../../arm-none-eabi/lib/thumb/v7-m/nofp/libc_nano.a(lib_a-init.o)
                              /Applications/ARM/bin/../lib/gcc/arm-none-eabi/10.3.1/../../../../arm-none-eabi/lib/thumb/v7-m/nofp/crt0.o (__libc_init_array)
/Applications/ARM/bin/../lib/gcc/arm-none-eabi/10.3.1/../../../../arm-none-eabi/lib/thumb/v7-m/nofp/libc_nano.a(lib_a-memcpy-stub.o)
                              build/drivers/bsp/uart/src/bsp_uart.o (memcpy)
/Applications/ARM/bin/../lib/gcc/arm-none-eabi/10.3.1/../../../../arm-none-eabi/lib/thumb/v7-m/nofp/libc_nano.a(lib_a-memset.o)
                              /Applications/ARM/bin/../lib/gcc/arm-none-eabi/10.3.1/../../../../arm-none-eabi/lib/thumb/v7-m/nofp/crt0.o (memset)
/Applications/ARM/bin/../lib/gcc/arm-none-eabi/10.3.1/../../../../arm-none-eabi/lib/thumb/v7-m/nofp/libc_nano.a(lib_a-snprintf.o)
                              build/app/src/log.o (snprintf)
/Applications/ARM/bin/../lib/gcc/arm-none-eabi/10.3.1/../../../../arm-none-eabi/lib/thumb/v7-m/nofp/libc_nano.a(lib_a-vsnprintf.o)
                              build/app/src/log.o (vsnprintf)
/Applications/ARM/bin/../lib/gcc/arm-none-eabi/10.3.1/../../../../arm-none-eabi/lib/thumb/v7-m/nofp/libc_nano.a(lib_a-nano-svfprintf.o)
                              /Applications/ARM/bin/../lib/gcc/arm-none-eabi/10.3.1/../../../../arm-none-eabi/lib/thumb/v7-m/nofp/libc_nano.a(lib_a-snprintf.o) (_svfprintf_r)
/Applications/ARM/bin/../lib/gcc/arm-none-eabi/10.3.1/../../../../arm-none-eabi/lib/thumb/v7-m/nofp/libc_nano.a(lib_a-nano-vfprintf_i.o)
                              /Applications/ARM/bin/../lib/gcc/arm-none-eabi/10.3.1/../../../../arm-none-eabi/lib/thumb/v7-m/nofp/libc_nano.a(lib_a-nano-svfprintf.o) (_printf_i)
/Applications/ARM/bin/../lib/gcc/arm-none-eabi/10.3.1/../../../../arm-none-eabi/lib/thumb/v7-m/nofp/libc_nano.a(lib_a-memchr-stub.o)
                              /Applications/ARM/bin/../lib/gcc/arm-none-eabi/10.3.1/../../../../arm-none-eabi/lib/thumb/v7-m/nofp/libc_nano.a(lib_a-nano-svfprintf.o) (memchr)
/Applications/ARM/bin/../lib/gcc/arm-none-eabi/10.3.1/../../../../arm-none-eabi/lib/thumb/v7-m/nofp/libc_nano.a(lib_a-memmove.o)
                              /Applications/ARM/bin/../lib/gcc/arm-none-eabi/10.3.1/../../../../arm-none-eabi/lib/thumb/v7-m/nofp/libc_nano.a(lib_a-nano-svfprintf.o) (memmove)
/Applications/ARM/bin/../lib/gcc/arm-none-eabi/10.3.1/../../../../arm-none-eabi/lib/thumb/v7-m/nofp/libc_nano.a(lib_a-nano-freer.o)
                              /Applications/ARM/bin/../lib/gcc/arm-none-eabi/10.3.1/../../../../arm-none-eabi/lib/thumb/v7-m/nofp/libc_nano.a(lib_a-nano-svfprintf.o) (_free_r)
/Applications/ARM/bin/../lib/gcc/arm-none-eabi/10.3.1/../../../../arm-none-eabi/lib/thumb/v7-m/nofp/libc_nano.a(lib_a-nano-mallocr.o)
                              /Applications/ARM/bin/../lib/gcc/arm-none-eabi/10.3.1/../../../../arm-none-eabi/lib/thumb/v7-m/nofp/libc_nano.a(lib_a-nano-svfprintf.o) (_malloc_r)
/Applications/ARM/bin/../lib/gcc/arm-none-eabi/10.3.1/../../../../arm-none-eabi/lib/thumb/v7-m/nofp/libc_nano.a(lib_a-nano-reallocr.o)
                              /Applications/ARM/bin/../lib/gcc/arm-none-eabi/10.3.1/../../../../arm-none-eabi/lib/thumb/v7-m/nofp/libc_nano.a(lib_a-nano-svfprintf.o) (_realloc_r)
/Applications/ARM/bin/../lib/gcc/arm-none-eabi/10.3.1/../../../../arm-none-eabi/lib/thumb/v7-m/nofp/libc_nano.a(lib_a-sbrkr.o)
                              /Applications/ARM/bin/../lib/gcc/arm-none-eabi/10.3.1/../../../../arm-none-eabi/lib/thumb/v7-m/nofp/libc_nano.a(lib_a-nano-mallocr.o) (_sbrk_r)
/Applications/ARM/bin/../lib/gcc/arm-none-eabi/10.3.1/../../../../arm-none-eabi/lib/thumb/v7-m/nofp/libc_nano.a(lib_a-mlock.o)
                              /Applications/ARM/bin/../lib/gcc/arm-none-eabi/10.3.1/../../../../arm-none-eabi/lib/thumb/v7-m/nofp/libc_nano.a(lib_a-nano-freer.o) (__malloc_lock)
/Applications/ARM/bin/../lib/gcc/arm-none-eabi/10.3.1/../../../../arm-none-eabi/lib/thumb/v7-m/nofp/libc_nano.a(lib_a-nano-msizer.o)
                              /Applications/ARM/bin/../lib/gcc/arm-none-eabi/10.3.1/../../../../arm-none-eabi/lib/thumb/v7-m/nofp/libc_nano.a(lib_a-nano-reallocr.o) (_malloc_usable_size_r)
[...]
Memory Configuration

Name             Origin             Length             Attributes
FLASH            0x0000000008000000 0x0000000000040000 xr
RAM              0x0000000020000000 0x000000000000c000 xrw
*default*        0x0000000000000000 0xffffffffffffffff

Linker script and memory map

LOAD /Applications/ARM/bin/../lib/gcc/arm-none-eabi/10.3.1/thumb/v7-m/nofp/crti.o
LOAD /Applications/ARM/bin/../lib/gcc/arm-none-eabi/10.3.1/thumb/v7-m/nofp/crtbegin.o
LOAD /Applications/ARM/bin/../lib/gcc/arm-none-eabi/10.3.1/../../../../arm-none-eabi/lib/thumb/v7-m/nofp/crt0.o
LOAD build/app/src/app.o
LOAD build/app/src/app_event.o
LOAD build/app/src/app_key.o
LOAD build/app/src/app_key_demo.o
LOAD build/app/src/app_key_input.o
LOAD build/app/src/app_led_demo.o
LOAD build/app/src/app_service.o
LOAD build/app/src/app_timer.o
LOAD build/app/src/app_task.o
LOAD build/app/src/log.o
LOAD build/app/src/app_system.o
LOAD build/app/src/main.o
LOAD build/drivers/bsp/gpio/src/bsp_key.o
LOAD build/drivers/bsp/led/src/bsp_led.o
LOAD build/drivers/bsp/uart/src/bsp_uart.o
LOAD build/platform/boards/stm32f103rct6_generic/src/board.o
LOAD build/platform/boards/stm32f103rct6_generic/src/board_irq.o
LOAD build/platform/boards/stm32f103rct6_generic/src/stm32f1xx_it.o
LOAD build/platform/cmsis/device/st/stm32f1xx/src/system_stm32f1xx.o
LOAD build/platform/hal/stm32f1/src/stm32f1xx_hal.o
LOAD build/platform/hal/stm32f1/src/stm32f1xx_hal_cortex.o
LOAD build/platform/hal/stm32f1/src/stm32f1xx_hal_dma.o
LOAD build/platform/hal/stm32f1/src/stm32f1xx_hal_exti.o
LOAD build/platform/hal/stm32f1/src/stm32f1xx_hal_flash.o
LOAD build/platform/hal/stm32f1/src/stm32f1xx_hal_flash_ex.o
LOAD build/platform/hal/stm32f1/src/stm32f1xx_hal_gpio.o
LOAD build/platform/hal/stm32f1/src/stm32f1xx_hal_pwr.o
LOAD build/platform/hal/stm32f1/src/stm32f1xx_hal_rcc.o
LOAD build/platform/hal/stm32f1/src/stm32f1xx_hal_rcc_ex.o
LOAD build/platform/hal/stm32f1/src/stm32f1xx_hal_uart.o
LOAD build/rtos/wrappers/src/rtos_hooks.o
LOAD build/third_party/freertos/FreeRTOS-Kernel-main/list.o
LOAD build/third_party/freertos/FreeRTOS-Kernel-main/queue.o
LOAD build/third_party/freertos/FreeRTOS-Kernel-main/tasks.o
LOAD build/third_party/freertos/FreeRTOS-Kernel-main/timers.o
LOAD build/third_party/freertos/FreeRTOS-Kernel-main/portable/GCC/ARM_CM3/port.o
LOAD build/third_party/freertos/FreeRTOS-Kernel-main/portable/MemMang/heap_4.o
LOAD build/platform/startup/stm32f103rct6/startup_stm32f103xe.o
START GROUP
LOAD /Applications/ARM/bin/../lib/gcc/arm-none-eabi/10.3.1/thumb/v7-m/nofp/libgcc.a
LOAD /Applications/ARM/bin/../lib/gcc/arm-none-eabi/10.3.1/../../../../arm-none-eabi/lib/thumb/v7-m/nofp/libc_nano.a
END GROUP
START GROUP
LOAD /Applications/ARM/bin/../lib/gcc/arm-none-eabi/10.3.1/thumb/v7-m/nofp/libgcc.a
LOAD /Applications/ARM/bin/../lib/gcc/arm-none-eabi/10.3.1/../../../../arm-none-eabi/lib/thumb/v7-m/nofp/libc_nano.a
LOAD /Applications/ARM/bin/../lib/gcc/arm-none-eabi/10.3.1/../../../../arm-none-eabi/lib/thumb/v7-m/nofp/libnosys.a
END GROUP
START GROUP
LOAD /Applications/ARM/bin/../lib/gcc/arm-none-eabi/10.3.1/thumb/v7-m/nofp/libgcc.a
LOAD /Applications/ARM/bin/../lib/gcc/arm-none-eabi/10.3.1/../../../../arm-none-eabi/lib/thumb/v7-m/nofp/libc_nano.a
LOAD /Applications/ARM/bin/../lib/gcc/arm-none-eabi/10.3.1/../../../../arm-none-eabi/lib/thumb/v7-m/nofp/libnosys.a
END GROUP
LOAD /Applications/ARM/bin/../lib/gcc/arm-none-eabi/10.3.1/thumb/v7-m/nofp/crtend.o
LOAD /Applications/ARM/bin/../lib/gcc/arm-none-eabi/10.3.1/thumb/v7-m/nofp/crtn.o
                0x0000000000000400                _Min_Heap_Size = 0x400
                0x0000000000000800                _Min_Stack_Size = 0x800
                0x000000002000c000                _estack = (ORIGIN (RAM) + LENGTH (RAM))

.isr_vector     0x0000000008000000      0x1e4
                0x0000000008000000                . = ALIGN (0x4)
 *(.isr_vector)
 .isr_vector    0x0000000008000000      0x1e4 build/platform/startup/stm32f103rct6/startup_stm32f103xe.o
                0x0000000008000000                g_pfnVectors
                0x00000000080001e4                . = ALIGN (0x4)

.text           0x00000000080001e4     0x707c
                0x00000000080001e4                . = ALIGN (0x4)
 *(.text)
 .text          0x00000000080001e4       0x40 /Applications/ARM/bin/../lib/gcc/arm-none-eabi/10.3.1/thumb/v7-m/nofp/crtbegin.o
 *(.text*)
 .text.app_init
                0x0000000008000224        0xc build/app/src/app.o
                0x0000000008000224                app_init
 .text.app_start
                0x0000000008000230        0xc build/app/src/app.o
                0x0000000008000230                app_start
 .text.app_event_task
                0x000000000800023c       0x60 build/app/src/app_event.o
 .text.app_event_init
                0x000000000800029c       0x2c build/app/src/app_event.o
                0x000000000800029c                app_event_init
 .text.app_event_start
                0x00000000080002c8       0x4c build/app/src/app_event.o
                0x00000000080002c8                app_event_start
 .text.app_event_publish_key
                0x0000000008000314       0x54 build/app/src/app_event.o
                0x0000000008000314                app_event_publish_key
 .text.app_event_publish_system
                0x0000000008000368       0x44 build/app/src/app_event.o
                0x0000000008000368                app_event_publish_system
 .text.app_key_name
                0x00000000080003ac       0x38 build/app/src/app_key.o
 .text.app_key_handle_event
                0x00000000080003e4       0x58 build/app/src/app_key.o
                0x00000000080003e4                app_key_handle_event
 .text.app_key_demo_task
                0x000000000800043c      0x144 build/app/src/app_key_demo.o
 .text.app_key_demo_start
                0x0000000008000580       0x3c build/app/src/app_key_demo.o
                0x0000000008000580                app_key_demo_start
 .text.app_key_input_irq_callback
                0x00000000080005bc       0x50 build/app/src/app_key_input.o
 .text.app_key_input_init
                0x000000000800060c       0x44 build/app/src/app_key_input.o
                0x000000000800060c                app_key_input_init
 .text.app_key_input_wait
                0x0000000008000650       0x1a build/app/src/app_key_input.o
                0x0000000008000650                app_key_input_wait
 *fill*         0x000000000800066a        0x2 
 .text.app_led_demo_task
                0x000000000800066c       0x6c build/app/src/app_led_demo.o
 .text.app_led_demo_start
                0x00000000080006d8       0x3c build/app/src/app_led_demo.o
                0x00000000080006d8                app_led_demo_start
 .text.app_service_init
                0x0000000008000714       0x24 build/app/src/app_service.o
                0x0000000008000714                app_service_init
 .text.app_service_start
                0x0000000008000738       0x1c build/app/src/app_service.o
                0x0000000008000738                app_service_start
 .text.app_timer_heartbeat_callback
                0x0000000008000754       0x16 build/app/src/app_timer.o
 *fill*         0x000000000800076a        0x2 
 .text.app_timer_init
                0x000000000800076c       0x40 build/app/src/app_timer.o
                0x000000000800076c                app_timer_init
 .text.app_timer_start
                0x00000000080007ac       0x44 build/app/src/app_timer.o
                0x00000000080007ac                app_timer_start
 .text.app_task_start
                0x00000000080007f0       0x34 build/app/src/app_task.o
                0x00000000080007f0                app_task_start
 .text.log_write_prefix
                0x0000000008000824       0x70 build/app/src/log.o
 .text.log_init
                0x0000000008000894       0x2c build/app/src/log.o
                0x0000000008000894                log_init
 .text.log_vprintf
                0x00000000080008c0       0xcc build/app/src/log.o
                0x00000000080008c0                log_vprintf
 .text.log_printf
                0x000000000800098c       0x36 build/app/src/log.o
                0x000000000800098c                log_printf
 *fill*         0x00000000080009c2        0x2 
 .text.log_info
                0x00000000080009c4       0x20 build/app/src/log.o
                0x00000000080009c4                log_info
 .text.app_system_handle_event
                0x00000000080009e4       0x60 build/app/src/app_system.o
                0x00000000080009e4                app_system_handle_event
 .text.main     0x0000000008000a44       0x16 build/app/src/main.o
                0x0000000008000a44                main
 .text.bsp_key_is_valid
                0x0000000008000a5a       0x20 build/drivers/bsp/gpio/src/bsp_key.o
 *fill*         0x0000000008000a7a        0x2 
 .text.bsp_key_gpio_clock_enable
                0x0000000008000a7c       0xd4 build/drivers/bsp/gpio/src/bsp_key.o
 .text.key_init_mode
                0x0000000008000b50       0xd0 build/drivers/bsp/gpio/src/bsp_key.o
                0x0000000008000b50                key_init_mode
 .text.key_read
                0x0000000008000c20       0x54 build/drivers/bsp/gpio/src/bsp_key.o
                0x0000000008000c20                key_read
 .text.key_register_irq_callback
                0x0000000008000c74       0x1c build/drivers/bsp/gpio/src/bsp_key.o
                0x0000000008000c74                key_register_irq_callback
 .text.HAL_GPIO_EXTI_Callback
                0x0000000008000c90       0x54 build/drivers/bsp/gpio/src/bsp_key.o
                0x0000000008000c90                HAL_GPIO_EXTI_Callback
 .text.bsp_led_is_valid
                0x0000000008000ce4       0x20 build/drivers/bsp/led/src/bsp_led.o
 .text.bsp_led_gpio_clock_enable
                0x0000000008000d04       0xd4 build/drivers/bsp/led/src/bsp_led.o
 .text.led_init
                0x0000000008000dd8       0x78 build/drivers/bsp/led/src/bsp_led.o
                0x0000000008000dd8                led_init
 .text.led_on   0x0000000008000e50       0x40 build/drivers/bsp/led/src/bsp_led.o
                0x0000000008000e50                led_on
 .text.led_off  0x0000000008000e90       0x40 build/drivers/bsp/led/src/bsp_led.o
                0x0000000008000e90                led_off
 .text.bsp_uart_is_valid
                0x0000000008000ed0       0x20 build/drivers/bsp/uart/src/bsp_uart.o
 .text.bsp_uart_find_id_from_handle
                0x0000000008000ef0       0x4c build/drivers/bsp/uart/src/bsp_uart.o
 .text.bsp_uart_lock
                0x0000000008000f3c       0x3c build/drivers/bsp/uart/src/bsp_uart.o
 .text.bsp_uart_unlock
                0x0000000008000f78       0x2e build/drivers/bsp/uart/src/bsp_uart.o
 .text.bsp_uart_copy_to_ring
                0x0000000008000fa6       0xb6 build/drivers/bsp/uart/src/bsp_uart.o
 .text.bsp_uart_fill_dma_buffer
                0x000000000800105c       0xca build/drivers/bsp/uart/src/bsp_uart.o
 *fill*         0x0000000008001126        0x2 
 .text.bsp_uart_start_tx_locked
                0x0000000008001128       0x54 build/drivers/bsp/uart/src/bsp_uart.o
 .text.HAL_UART_MspInit
                0x000000000800117c      0x134 build/drivers/bsp/uart/src/bsp_uart.o
                0x000000000800117c                HAL_UART_MspInit
 .text.uart_init
                0x00000000080012b0       0x9c build/drivers/bsp/uart/src/bsp_uart.o
                0x00000000080012b0                uart_init
 .text.uart_write
                0x000000000800134c       0xb4 build/drivers/bsp/uart/src/bsp_uart.o
                0x000000000800134c                uart_write
 .text.uart_write_string
                0x0000000008001400       0x42 build/drivers/bsp/uart/src/bsp_uart.o
                0x0000000008001400                uart_write_string
 *fill*         0x0000000008001442        0x2 
 .text.uart_irq_handler
                0x0000000008001444       0x3c build/drivers/bsp/uart/src/bsp_uart.o
                0x0000000008001444                uart_irq_handler
 .text.uart_dma_irq_handler
                0x0000000008001480       0x40 build/drivers/bsp/uart/src/bsp_uart.o
                0x0000000008001480                uart_dma_irq_handler
 .text.HAL_UART_TxCpltCallback
                0x00000000080014c0       0x58 build/drivers/bsp/uart/src/bsp_uart.o
                0x00000000080014c0                HAL_UART_TxCpltCallback
 .text.HAL_UART_ErrorCallback
                0x0000000008001518       0x58 build/drivers/bsp/uart/src/bsp_uart.o
                0x0000000008001518                HAL_UART_ErrorCallback
 .text.board_clock_config_fallback
                0x0000000008001570       0x62 build/platform/boards/stm32f103rct6_generic/src/board.o
 .text.board_clock_init
                0x00000000080015d2       0x8a build/platform/boards/stm32f103rct6_generic/src/board.o
 .text.board_init
                0x000000000800165c       0x10 build/platform/boards/stm32f103rct6_generic/src/board.o
                0x000000000800165c                board_init
 .text.board_fault_trap
                0x000000000800166c        0xc build/platform/boards/stm32f103rct6_generic/src/board.o
                0x000000000800166c                board_fault_trap
 .text.board_irq_handle_nmi
                0x0000000008001678        0xc build/platform/boards/stm32f103rct6_generic/src/board_irq.o
                0x0000000008001678                board_irq_handle_nmi
 .text.board_irq_handle_hardfault
                0x0000000008001684        0xc build/platform/boards/stm32f103rct6_generic/src/board_irq.o
                0x0000000008001684                board_irq_handle_hardfault
 .text.board_irq_handle_memmanage
                0x0000000008001690        0xc build/platform/boards/stm32f103rct6_generic/src/board_irq.o
                0x0000000008001690                board_irq_handle_memmanage
 .text.board_irq_handle_busfault
                0x000000000800169c        0xc build/platform/boards/stm32f103rct6_generic/src/board_irq.o
                0x000000000800169c                board_irq_handle_busfault
 .text.board_irq_handle_usagefault
                0x00000000080016a8        0xc build/platform/boards/stm32f103rct6_generic/src/board_irq.o
                0x00000000080016a8                board_irq_handle_usagefault
 .text.board_irq_handle_debugmon
                0x00000000080016b4        0xc build/platform/boards/stm32f103rct6_generic/src/board_irq.o
                0x00000000080016b4                board_irq_handle_debugmon
 .text.board_irq_handle_systick
                0x00000000080016c0       0x1a build/platform/boards/stm32f103rct6_generic/src/board_irq.o
                0x00000000080016c0                board_irq_handle_systick
 .text.board_irq_handle_usart1
                0x00000000080016da        0xe build/platform/boards/stm32f103rct6_generic/src/board_irq.o
                0x00000000080016da                board_irq_handle_usart1
 .text.board_irq_handle_dma1_channel4
                0x00000000080016e8        0xe build/platform/boards/stm32f103rct6_generic/src/board_irq.o
                0x00000000080016e8                board_irq_handle_dma1_channel4
 .text.board_irq_handle_exti0
                0x00000000080016f6        0xe build/platform/boards/stm32f103rct6_generic/src/board_irq.o
                0x00000000080016f6                board_irq_handle_exti0
 .text.board_irq_handle_exti15_10
                0x0000000008001704       0x10 build/platform/boards/stm32f103rct6_generic/src/board_irq.o
                0x0000000008001704                board_irq_handle_exti15_10
 .text.NMI_Handler
                0x0000000008001714        0xc build/platform/boards/stm32f103rct6_generic/src/stm32f1xx_it.o
                0x0000000008001714                NMI_Handler
 .text.HardFault_Handler
                0x0000000008001720        0xc build/platform/boards/stm32f103rct6_generic/src/stm32f1xx_it.o
                0x0000000008001720                HardFault_Handler
 .text.MemManage_Handler
                0x000000000800172c        0xc build/platform/boards/stm32f103rct6_generic/src/stm32f1xx_it.o
                0x000000000800172c                MemManage_Handler
 .text.BusFault_Handler
                0x0000000008001738        0xc build/platform/boards/stm32f103rct6_generic/src/stm32f1xx_it.o
                0x0000000008001738                BusFault_Handler
 .text.UsageFault_Handler
                0x0000000008001744        0xc build/platform/boards/stm32f103rct6_generic/src/stm32f1xx_it.o
                0x0000000008001744                UsageFault_Handler
 .text.DebugMon_Handler
                0x0000000008001750        0xc build/platform/boards/stm32f103rct6_generic/src/stm32f1xx_it.o
                0x0000000008001750                DebugMon_Handler
 .text.SysTick_Handler
                0x000000000800175c        0xc build/platform/boards/stm32f103rct6_generic/src/stm32f1xx_it.o
                0x000000000800175c                SysTick_Handler
 .text.USART1_IRQHandler
                0x0000000008001768        0xc build/platform/boards/stm32f103rct6_generic/src/stm32f1xx_it.o
                0x0000000008001768                USART1_IRQHandler
 .text.DMA1_Channel4_IRQHandler
                0x0000000008001774        0xc build/platform/boards/stm32f103rct6_generic/src/stm32f1xx_it.o
                0x0000000008001774                DMA1_Channel4_IRQHandler
 .text.EXTI0_IRQHandler
                0x0000000008001780        0xc build/platform/boards/stm32f103rct6_generic/src/stm32f1xx_it.o
                0x0000000008001780                EXTI0_IRQHandler
 .text.EXTI15_10_IRQHandler
                0x000000000800178c        0xc build/platform/boards/stm32f103rct6_generic/src/stm32f1xx_it.o
                0x000000000800178c                EXTI15_10_IRQHandler
 .text.SystemInit
                0x0000000008001798       0x68 build/platform/cmsis/device/st/stm32f1xx/src/system_stm32f1xx.o
                0x0000000008001798                SystemInit
 .text.HAL_Init
                0x0000000008001800       0x2c build/platform/hal/stm32f1/src/stm32f1xx_hal.o
                0x0000000008001800                HAL_Init
 .text.HAL_MspInit
                0x000000000800182c        0xc build/platform/hal/stm32f1/src/stm32f1xx_hal.o
                0x000000000800182c                HAL_MspInit
 .text.HAL_InitTick
                0x0000000008001838       0x60 build/platform/hal/stm32f1/src/stm32f1xx_hal.o
                0x0000000008001838                HAL_InitTick
 .text.HAL_IncTick
                0x0000000008001898       0x24 build/platform/hal/stm32f1/src/stm32f1xx_hal.o
                0x0000000008001898                HAL_IncTick
 .text.HAL_GetTick
                0x00000000080018bc       0x14 build/platform/hal/stm32f1/src/stm32f1xx_hal.o
                0x00000000080018bc                HAL_GetTick
 .text.__NVIC_SetPriorityGrouping
                0x00000000080018d0       0x48 build/platform/hal/stm32f1/src/stm32f1xx_hal_cortex.o
 .text.__NVIC_GetPriorityGrouping
                0x0000000008001918       0x1c build/platform/hal/stm32f1/src/stm32f1xx_hal_cortex.o
 .text.__NVIC_EnableIRQ
                0x0000000008001934       0x38 build/platform/hal/stm32f1/src/stm32f1xx_hal_cortex.o
 .text.__NVIC_SetPriority
                0x000000000800196c       0x54 build/platform/hal/stm32f1/src/stm32f1xx_hal_cortex.o
 .text.NVIC_EncodePriority
                0x00000000080019c0       0x64 build/platform/hal/stm32f1/src/stm32f1xx_hal_cortex.o
 .text.SysTick_Config
                0x0000000008001a24       0x44 build/platform/hal/stm32f1/src/stm32f1xx_hal_cortex.o
 .text.HAL_NVIC_SetPriorityGrouping
                0x0000000008001a68       0x16 build/platform/hal/stm32f1/src/stm32f1xx_hal_cortex.o
                0x0000000008001a68                HAL_NVIC_SetPriorityGrouping
 .text.HAL_NVIC_SetPriority
                0x0000000008001a7e       0x38 build/platform/hal/stm32f1/src/stm32f1xx_hal_cortex.o
                0x0000000008001a7e                HAL_NVIC_SetPriority
 .text.HAL_NVIC_EnableIRQ
                0x0000000008001ab6       0x1c build/platform/hal/stm32f1/src/stm32f1xx_hal_cortex.o
                0x0000000008001ab6                HAL_NVIC_EnableIRQ
 .text.HAL_SYSTICK_Config
                0x0000000008001ad2       0x18 build/platform/hal/stm32f1/src/stm32f1xx_hal_cortex.o
                0x0000000008001ad2                HAL_SYSTICK_Config
 *fill*         0x0000000008001aea        0x2 
 .text.HAL_DMA_Init
                0x0000000008001aec       0xec build/platform/hal/stm32f1/src/stm32f1xx_hal_dma.o
                0x0000000008001aec                HAL_DMA_Init
 .text.HAL_DMA_Start_IT
                0x0000000008001bd8       0xbe build/platform/hal/stm32f1/src/stm32f1xx_hal_dma.o
                0x0000000008001bd8                HAL_DMA_Start_IT
 *fill*         0x0000000008001c96        0x2 
 .text.HAL_DMA_Abort_IT
                0x0000000008001c98      0x210 build/platform/hal/stm32f1/src/stm32f1xx_hal_dma.o
                0x0000000008001c98                HAL_DMA_Abort_IT
 .text.HAL_DMA_IRQHandler
                0x0000000008001ea8      0x478 build/platform/hal/stm32f1/src/stm32f1xx_hal_dma.o
                0x0000000008001ea8                HAL_DMA_IRQHandler
 .text.DMA_SetConfig
                0x0000000008002320       0x5a build/platform/hal/stm32f1/src/stm32f1xx_hal_dma.o
 *fill*         0x000000000800237a        0x2 
 .text.HAL_GPIO_Init
                0x000000000800237c      0x328 build/platform/hal/stm32f1/src/stm32f1xx_hal_gpio.o
                0x000000000800237c                HAL_GPIO_Init
 .text.HAL_GPIO_ReadPin
                0x00000000080026a4       0x2e build/platform/hal/stm32f1/src/stm32f1xx_hal_gpio.o
                0x00000000080026a4                HAL_GPIO_ReadPin
 .text.HAL_GPIO_WritePin
                0x00000000080026d2       0x30 build/platform/hal/stm32f1/src/stm32f1xx_hal_gpio.o
                0x00000000080026d2                HAL_GPIO_WritePin
 *fill*         0x0000000008002702        0x2 
 .text.HAL_GPIO_EXTI_IRQHandler
                0x0000000008002704       0x30 build/platform/hal/stm32f1/src/stm32f1xx_hal_gpio.o
                0x0000000008002704                HAL_GPIO_EXTI_IRQHandler
 .text.HAL_RCC_OscConfig
                0x0000000008002734      0x504 build/platform/hal/stm32f1/src/stm32f1xx_hal_rcc.o
                0x0000000008002734                HAL_RCC_OscConfig
 .text.HAL_RCC_ClockConfig
                0x0000000008002c38      0x1d4 build/platform/hal/stm32f1/src/stm32f1xx_hal_rcc.o
                0x0000000008002c38                HAL_RCC_ClockConfig
 .text.HAL_RCC_GetSysClockFreq
                0x0000000008002e0c       0xbc build/platform/hal/stm32f1/src/stm32f1xx_hal_rcc.o
                0x0000000008002e0c                HAL_RCC_GetSysClockFreq
 .text.HAL_RCC_GetHCLKFreq
                0x0000000008002ec8       0x14 build/platform/hal/stm32f1/src/stm32f1xx_hal_rcc.o
                0x0000000008002ec8                HAL_RCC_GetHCLKFreq
 .text.HAL_RCC_GetPCLK1Freq
                0x0000000008002edc       0x28 build/platform/hal/stm32f1/src/stm32f1xx_hal_rcc.o
                0x0000000008002edc                HAL_RCC_GetPCLK1Freq
 .text.HAL_RCC_GetPCLK2Freq
                0x0000000008002f04       0x28 build/platform/hal/stm32f1/src/stm32f1xx_hal_rcc.o
                0x0000000008002f04                HAL_RCC_GetPCLK2Freq
 .text.RCC_Delay
                0x0000000008002f2c       0x3c build/platform/hal/stm32f1/src/stm32f1xx_hal_rcc.o
 .text.HAL_UART_Init
                0x0000000008002f68       0x9a build/platform/hal/stm32f1/src/stm32f1xx_hal_uart.o
                0x0000000008002f68                HAL_UART_Init
 *fill*         0x0000000008003002        0x2 
 .text.HAL_UART_Transmit_DMA
                0x0000000008003004       0xd8 build/platform/hal/stm32f1/src/stm32f1xx_hal_uart.o
                0x0000000008003004                HAL_UART_Transmit_DMA
 .text.HAL_UART_IRQHandler
                0x00000000080030dc      0x1f4 build/platform/hal/stm32f1/src/stm32f1xx_hal_uart.o
                0x00000000080030dc                HAL_UART_IRQHandler
 .text.HAL_UART_TxHalfCpltCallback
                0x00000000080032d0       0x12 build/platform/hal/stm32f1/src/stm32f1xx_hal_uart.o
                0x00000000080032d0                HAL_UART_TxHalfCpltCallback
 .text.HAL_UART_RxCpltCallback
                0x00000000080032e2       0x12 build/platform/hal/stm32f1/src/stm32f1xx_hal_uart.o
                0x00000000080032e2                HAL_UART_RxCpltCallback
 .text.UART_DMATransmitCplt
                0x00000000080032f4       0x52 build/platform/hal/stm32f1/src/stm32f1xx_hal_uart.o
 .text.UART_DMATxHalfCplt
                0x0000000008003346       0x1c build/platform/hal/stm32f1/src/stm32f1xx_hal_uart.o
 .text.UART_DMAError
                0x0000000008003362       0x94 build/platform/hal/stm32f1/src/stm32f1xx_hal_uart.o
 .text.UART_EndTxTransfer
                0x00000000080033f6       0x2a build/platform/hal/stm32f1/src/stm32f1xx_hal_uart.o
 .text.UART_EndRxTransfer
                0x0000000008003420       0x3a build/platform/hal/stm32f1/src/stm32f1xx_hal_uart.o
 .text.UART_DMAAbortOnError
                0x000000000800345a       0x28 build/platform/hal/stm32f1/src/stm32f1xx_hal_uart.o
 .text.UART_Transmit_IT
                0x0000000008003482       0xaa build/platform/hal/stm32f1/src/stm32f1xx_hal_uart.o
 .text.UART_EndTransmit_IT
                0x000000000800352c       0x30 build/platform/hal/stm32f1/src/stm32f1xx_hal_uart.o
 .text.UART_Receive_IT
                0x000000000800355c      0x102 build/platform/hal/stm32f1/src/stm32f1xx_hal_uart.o
 *fill*         0x000000000800365e        0x2 
 .text.UART_SetConfig
                0x0000000008003660      0x1b4 build/platform/hal/stm32f1/src/stm32f1xx_hal_uart.o
 .text.vApplicationMallocFailedHook
                0x0000000008003814       0x1c build/rtos/wrappers/src/rtos_hooks.o
                0x0000000008003814                vApplicationMallocFailedHook
 .text.vApplicationStackOverflowHook
                0x0000000008003830       0x20 build/rtos/wrappers/src/rtos_hooks.o
                0x0000000008003830                vApplicationStackOverflowHook
 .text.vListInitialise
                0x0000000008003850       0x3e build/third_party/freertos/FreeRTOS-Kernel-main/list.o
                0x0000000008003850                vListInitialise
 .text.vListInitialiseItem
                0x000000000800388e       0x18 build/third_party/freertos/FreeRTOS-Kernel-main/list.o
                0x000000000800388e                vListInitialiseItem
 .text.vListInsert
                0x00000000080038a6       0x70 build/third_party/freertos/FreeRTOS-Kernel-main/list.o
                0x00000000080038a6                vListInsert
 .text.uxListRemove
                0x0000000008003916       0x52 build/third_party/freertos/FreeRTOS-Kernel-main/list.o
                0x0000000008003916                uxListRemove
 .text.xQueueGenericReset
                0x0000000008003968      0x100 build/third_party/freertos/FreeRTOS-Kernel-main/queue.o
                0x0000000008003968                xQueueGenericReset
 .text.xQueueGenericCreate
                0x0000000008003a68       0x8c build/third_party/freertos/FreeRTOS-Kernel-main/queue.o
                0x0000000008003a68                xQueueGenericCreate
 .text.prvInitialiseNewQueue
                0x0000000008003af4       0x3e build/third_party/freertos/FreeRTOS-Kernel-main/queue.o
 .text.prvInitialiseMutex
                0x0000000008003b32       0x34 build/third_party/freertos/FreeRTOS-Kernel-main/queue.o
 .text.xQueueCreateMutex
                0x0000000008003b66       0x30 build/third_party/freertos/FreeRTOS-Kernel-main/queue.o
                0x0000000008003b66                xQueueCreateMutex
 *fill*         0x0000000008003b96        0x2 
 .text.xQueueGenericSend
                0x0000000008003b98      0x1bc build/third_party/freertos/FreeRTOS-Kernel-main/queue.o
                0x0000000008003b98                xQueueGenericSend
 .text.xQueueReceive
                0x0000000008003d54      0x190 build/third_party/freertos/FreeRTOS-Kernel-main/queue.o
                0x0000000008003d54                xQueueReceive
 .text.xQueueSemaphoreTake
                0x0000000008003ee4      0x1cc build/third_party/freertos/FreeRTOS-Kernel-main/queue.o
                0x0000000008003ee4                xQueueSemaphoreTake
 .text.prvGetHighestPriorityOfWaitToReceiveList
                0x00000000080040b0       0x2e build/third_party/freertos/FreeRTOS-Kernel-main/queue.o
 .text.prvCopyDataToQueue
                0x00000000080040de       0xd4 build/third_party/freertos/FreeRTOS-Kernel-main/queue.o
 .text.prvCopyDataFromQueue
                0x00000000080041b2       0x4c build/third_party/freertos/FreeRTOS-Kernel-main/queue.o
 .text.prvUnlockQueue
                0x00000000080041fe       0xa4 build/third_party/freertos/FreeRTOS-Kernel-main/queue.o
 .text.prvIsQueueEmpty
                0x00000000080042a2       0x2c build/third_party/freertos/FreeRTOS-Kernel-main/queue.o
 .text.prvIsQueueFull
                0x00000000080042ce       0x30 build/third_party/freertos/FreeRTOS-Kernel-main/queue.o
 .text.vQueueWaitForMessageRestricted
                0x00000000080042fe       0x68 build/third_party/freertos/FreeRTOS-Kernel-main/queue.o
                0x00000000080042fe                vQueueWaitForMessageRestricted
 .text.prvCreateTask
                0x0000000008004366       0x7a build/third_party/freertos/FreeRTOS-Kernel-main/tasks.o
 .text.xTaskCreate
                0x00000000080043e0       0x48 build/third_party/freertos/FreeRTOS-Kernel-main/tasks.o
                0x00000000080043e0                xTaskCreate
 .text.prvInitialiseNewTask
                0x0000000008004428      0x116 build/third_party/freertos/FreeRTOS-Kernel-main/tasks.o
 *fill*         0x000000000800453e        0x2 
 .text.prvAddNewTaskToReadyList
                0x0000000008004540      0x128 build/third_party/freertos/FreeRTOS-Kernel-main/tasks.o
 .text.vTaskDelay
                0x0000000008004668       0x58 build/third_party/freertos/FreeRTOS-Kernel-main/tasks.o
                0x0000000008004668                vTaskDelay
 .text.prvCreateIdleTasks
                0x00000000080046c0       0xac build/third_party/freertos/FreeRTOS-Kernel-main/tasks.o
 .text.vTaskStartScheduler
                0x000000000800476c       0x78 build/third_party/freertos/FreeRTOS-Kernel-main/tasks.o
                0x000000000800476c                vTaskStartScheduler
 .text.vTaskSuspendAll
                0x00000000080047e4       0x1c build/third_party/freertos/FreeRTOS-Kernel-main/tasks.o
                0x00000000080047e4                vTaskSuspendAll
 .text.xTaskResumeAll
                0x0000000008004800      0x200 build/third_party/freertos/FreeRTOS-Kernel-main/tasks.o
                0x0000000008004800                xTaskResumeAll
 .text.xTaskGetTickCount
                0x0000000008004a00       0x1c build/third_party/freertos/FreeRTOS-Kernel-main/tasks.o
                0x0000000008004a00                xTaskGetTickCount
 .text.xTaskIncrementTick
                0x0000000008004a1c      0x220 build/third_party/freertos/FreeRTOS-Kernel-main/tasks.o
                0x0000000008004a1c                xTaskIncrementTick
 .text.vTaskSwitchContext
                0x0000000008004c3c      0x104 build/third_party/freertos/FreeRTOS-Kernel-main/tasks.o
                0x0000000008004c3c                vTaskSwitchContext
 .text.vTaskPlaceOnEventList
                0x0000000008004d40       0x38 build/third_party/freertos/FreeRTOS-Kernel-main/tasks.o
                0x0000000008004d40                vTaskPlaceOnEventList
 .text.vTaskPlaceOnEventListRestricted
                0x0000000008004d78       0x7c build/third_party/freertos/FreeRTOS-Kernel-main/tasks.o
                0x0000000008004d78                vTaskPlaceOnEventListRestricted
 .text.xTaskRemoveFromEventList
                0x0000000008004df4      0x1a0 build/third_party/freertos/FreeRTOS-Kernel-main/tasks.o
                0x0000000008004df4                xTaskRemoveFromEventList
 .text.vTaskInternalSetTimeOutState
                0x0000000008004f94       0x2c build/third_party/freertos/FreeRTOS-Kernel-main/tasks.o
                0x0000000008004f94                vTaskInternalSetTimeOutState
 .text.xTaskCheckForTimeOut
                0x0000000008004fc0       0x9c build/third_party/freertos/FreeRTOS-Kernel-main/tasks.o
                0x0000000008004fc0                xTaskCheckForTimeOut
 .text.vTaskMissedYield
                0x000000000800505c       0x18 build/third_party/freertos/FreeRTOS-Kernel-main/tasks.o
                0x000000000800505c                vTaskMissedYield
 .text.prvIdleTask
                0x0000000008005074       0x30 build/third_party/freertos/FreeRTOS-Kernel-main/tasks.o
 .text.prvInitialiseTaskLists
                0x00000000080050a4       0x74 build/third_party/freertos/FreeRTOS-Kernel-main/tasks.o
 .text.prvCheckTasksWaitingTermination
                0x0000000008005118       0x5c build/third_party/freertos/FreeRTOS-Kernel-main/tasks.o
 .text.prvDeleteTCB
                0x0000000008005174       0x20 build/third_party/freertos/FreeRTOS-Kernel-main/tasks.o
 .text.prvResetNextTaskUnblockTime
                0x0000000008005194       0x34 build/third_party/freertos/FreeRTOS-Kernel-main/tasks.o
 .text.xTaskGetCurrentTaskHandle
                0x00000000080051c8       0x1c build/third_party/freertos/FreeRTOS-Kernel-main/tasks.o
                0x00000000080051c8                xTaskGetCurrentTaskHandle
 .text.xTaskGetSchedulerState
                0x00000000080051e4       0x3c build/third_party/freertos/FreeRTOS-Kernel-main/tasks.o
                0x00000000080051e4                xTaskGetSchedulerState
 .text.xTaskPriorityInherit
                0x0000000008005220      0x140 build/third_party/freertos/FreeRTOS-Kernel-main/tasks.o
                0x0000000008005220                xTaskPriorityInherit
 .text.xTaskPriorityDisinherit
                0x0000000008005360      0x128 build/third_party/freertos/FreeRTOS-Kernel-main/tasks.o
                0x0000000008005360                xTaskPriorityDisinherit
 .text.vTaskPriorityDisinheritAfterTimeout
                0x0000000008005488      0x150 build/third_party/freertos/FreeRTOS-Kernel-main/tasks.o
                0x0000000008005488                vTaskPriorityDisinheritAfterTimeout
 .text.pvTaskIncrementMutexHeldCount
                0x00000000080055d8       0x2c build/third_party/freertos/FreeRTOS-Kernel-main/tasks.o
                0x00000000080055d8                pvTaskIncrementMutexHeldCount
 .text.ulTaskGenericNotifyTake
                0x0000000008005604       0xfc build/third_party/freertos/FreeRTOS-Kernel-main/tasks.o
                0x0000000008005604                ulTaskGenericNotifyTake
 .text.vTaskGenericNotifyGiveFromISR
                0x0000000008005700      0x1e4 build/third_party/freertos/FreeRTOS-Kernel-main/tasks.o
                0x0000000008005700                vTaskGenericNotifyGiveFromISR
 .text.prvAddCurrentTaskToDelayedList
                0x00000000080058e4       0xac build/third_party/freertos/FreeRTOS-Kernel-main/tasks.o
 .text.xTimerCreateTimerTask
                0x0000000008005990       0x54 build/third_party/freertos/FreeRTOS-Kernel-main/timers.o
                0x0000000008005990                xTimerCreateTimerTask
 .text.xTimerCreate
                0x00000000080059e4       0x42 build/third_party/freertos/FreeRTOS-Kernel-main/timers.o
                0x00000000080059e4                xTimerCreate
 .text.prvInitialiseNewTimer
                0x0000000008005a26       0x60 build/third_party/freertos/FreeRTOS-Kernel-main/timers.o
 *fill*         0x0000000008005a86        0x2 
 .text.xTimerGenericCommandFromTask
                0x0000000008005a88       0x7c build/third_party/freertos/FreeRTOS-Kernel-main/timers.o
                0x0000000008005a88                xTimerGenericCommandFromTask
 .text.prvReloadTimer
                0x0000000008005b04       0x42 build/third_party/freertos/FreeRTOS-Kernel-main/timers.o
 *fill*         0x0000000008005b46        0x2 
 .text.prvProcessExpiredTimer
                0x0000000008005b48       0x60 build/third_party/freertos/FreeRTOS-Kernel-main/timers.o
 .text.prvTimerTask
                0x0000000008005ba8       0x24 build/third_party/freertos/FreeRTOS-Kernel-main/timers.o
 .text.prvProcessTimerOrBlockTask
                0x0000000008005bcc       0x9c build/third_party/freertos/FreeRTOS-Kernel-main/timers.o
 .text.prvGetNextExpireTime
                0x0000000008005c68       0x44 build/third_party/freertos/FreeRTOS-Kernel-main/timers.o
 .text.prvSampleTimeNow
                0x0000000008005cac       0x40 build/third_party/freertos/FreeRTOS-Kernel-main/timers.o
 .text.prvInsertTimerInActiveList
                0x0000000008005cec       0x84 build/third_party/freertos/FreeRTOS-Kernel-main/timers.o
 .text.prvProcessReceivedCommands
                0x0000000008005d70      0x1ac build/third_party/freertos/FreeRTOS-Kernel-main/timers.o
 .text.prvSwitchTimerLists
                0x0000000008005f1c       0x4c build/third_party/freertos/FreeRTOS-Kernel-main/timers.o
 .text.prvCheckForValidListAndQueue
                0x0000000008005f68       0x54 build/third_party/freertos/FreeRTOS-Kernel-main/timers.o
 .text.pxPortInitialiseStack
                0x0000000008005fbc       0x58 build/third_party/freertos/FreeRTOS-Kernel-main/portable/GCC/ARM_CM3/port.o
                0x0000000008005fbc                pxPortInitialiseStack
 .text.prvTaskExitError
                0x0000000008006014       0x48 build/third_party/freertos/FreeRTOS-Kernel-main/portable/GCC/ARM_CM3/port.o
 .text.SVC_Handler
                0x000000000800605c       0x28 build/third_party/freertos/FreeRTOS-Kernel-main/portable/GCC/ARM_CM3/port.o
                0x000000000800605c                SVC_Handler
 .text.prvPortStartFirstTask
                0x0000000008006084       0x24 build/third_party/freertos/FreeRTOS-Kernel-main/portable/GCC/ARM_CM3/port.o
 .text.xPortStartScheduler
                0x00000000080060a8      0x134 build/third_party/freertos/FreeRTOS-Kernel-main/portable/GCC/ARM_CM3/port.o
                0x00000000080060a8                xPortStartScheduler
 .text.vPortEnterCritical
                0x00000000080061dc       0x50 build/third_party/freertos/FreeRTOS-Kernel-main/portable/GCC/ARM_CM3/port.o
                0x00000000080061dc                vPortEnterCritical
 .text.vPortExitCritical
                0x000000000800622c       0x40 build/third_party/freertos/FreeRTOS-Kernel-main/portable/GCC/ARM_CM3/port.o
                0x000000000800622c                vPortExitCritical
 .text.PendSV_Handler
                0x000000000800626c       0x48 build/third_party/freertos/FreeRTOS-Kernel-main/portable/GCC/ARM_CM3/port.o
                0x000000000800626c                PendSV_Handler
 .text.xPortSysTickHandler
                0x00000000080062b4       0x44 build/third_party/freertos/FreeRTOS-Kernel-main/portable/GCC/ARM_CM3/port.o
                0x00000000080062b4                xPortSysTickHandler
 .text.vPortSetupTimerInterrupt
                0x00000000080062f8       0x44 build/third_party/freertos/FreeRTOS-Kernel-main/portable/GCC/ARM_CM3/port.o
                0x00000000080062f8                vPortSetupTimerInterrupt
 .text.vPortValidateInterruptPriority
                0x000000000800633c       0x5c build/third_party/freertos/FreeRTOS-Kernel-main/portable/GCC/ARM_CM3/port.o
                0x000000000800633c                vPortValidateInterruptPriority
 .text.pvPortMalloc
                0x0000000008006398      0x20c build/third_party/freertos/FreeRTOS-Kernel-main/portable/MemMang/heap_4.o
                0x0000000008006398                pvPortMalloc
 .text.vPortFree
                0x00000000080065a4       0xc0 build/third_party/freertos/FreeRTOS-Kernel-main/portable/MemMang/heap_4.o
                0x00000000080065a4                vPortFree
 .text.prvHeapInit
                0x0000000008006664       0xb4 build/third_party/freertos/FreeRTOS-Kernel-main/portable/MemMang/heap_4.o
 .text.prvInsertBlockIntoFreeList
                0x0000000008006718       0xe0 build/third_party/freertos/FreeRTOS-Kernel-main/portable/MemMang/heap_4.o
 .text.Reset_Handler
                0x00000000080067f8       0x48 build/platform/startup/stm32f103rct6/startup_stm32f103xe.o
                0x00000000080067f8                Reset_Handler
 .text.Default_Handler
                0x0000000008006840        0x2 build/platform/startup/stm32f103rct6/startup_stm32f103xe.o
                0x0000000008006840                DMA2_Channel3_IRQHandler
                0x0000000008006840                EXTI2_IRQHandler
                0x0000000008006840                TIM8_TRG_COM_IRQHandler
                0x0000000008006840                TIM8_CC_IRQHandler
                0x0000000008006840                TIM1_CC_IRQHandler
                0x0000000008006840                TIM6_IRQHandler
                0x0000000008006840                PVD_IRQHandler
                0x0000000008006840                SDIO_IRQHandler
                0x0000000008006840                EXTI3_IRQHandler
                0x0000000008006840                I2C2_EV_IRQHandler
                0x0000000008006840                ADC1_2_IRQHandler
                0x0000000008006840                SPI1_IRQHandler
                0x0000000008006840                TAMPER_IRQHandler
                0x0000000008006840                TIM8_UP_IRQHandler
                0x0000000008006840                DMA2_Channel2_IRQHandler
                0x0000000008006840                USART3_IRQHandler
                0x0000000008006840                RTC_IRQHandler
                0x0000000008006840                DMA1_Channel7_IRQHandler
                0x0000000008006840                CAN1_RX1_IRQHandler
                0x0000000008006840                UART5_IRQHandler
                0x0000000008006840                ADC3_IRQHandler
                0x0000000008006840                TIM4_IRQHandler
                0x0000000008006840                DMA2_Channel1_IRQHandler
                0x0000000008006840                I2C1_EV_IRQHandler
                0x0000000008006840                DMA1_Channel6_IRQHandler
                0x0000000008006840                UART4_IRQHandler
                0x0000000008006840                TIM3_IRQHandler
                0x0000000008006840                RCC_IRQHandler
                0x0000000008006840                TIM1_TRG_COM_IRQHandler
                0x0000000008006840                DMA1_Channel1_IRQHandler
                0x0000000008006840                Default_Handler
                0x0000000008006840                TIM7_IRQHandler
                0x0000000008006840                TIM5_IRQHandler
                0x0000000008006840                EXTI9_5_IRQHandler
                0x0000000008006840                SPI2_IRQHandler
                0x0000000008006840                DMA1_Channel5_IRQHandler
                0x0000000008006840                EXTI4_IRQHandler
                0x0000000008006840                USB_LP_CAN1_RX0_IRQHandler
                0x0000000008006840                USB_HP_CAN1_TX_IRQHandler
                0x0000000008006840                DMA1_Channel3_IRQHandler
                0x0000000008006840                FSMC_IRQHandler
                0x0000000008006840                TIM1_UP_IRQHandler
                0x0000000008006840                WWDG_IRQHandler
                0x0000000008006840                TIM2_IRQHandler
                0x0000000008006840                TIM1_BRK_IRQHandler
                0x0000000008006840                EXTI1_IRQHandler
                0x0000000008006840                DMA2_Channel4_5_IRQHandler
                0x0000000008006840                USART2_IRQHandler
                0x0000000008006840                I2C2_ER_IRQHandler
                0x0000000008006840                DMA1_Channel2_IRQHandler
                0x0000000008006840                TIM8_BRK_IRQHandler
                0x0000000008006840                CAN1_SCE_IRQHandler
                0x0000000008006840                FLASH_IRQHandler
                0x0000000008006840                SPI3_IRQHandler
                0x0000000008006840                I2C1_ER_IRQHandler
                0x0000000008006840                USBWakeUp_IRQHandler
                0x0000000008006840                RTC_Alarm_IRQHandler
 *fill*         0x0000000008006842        0x2 
 .text.__libc_init_array
                0x0000000008006844       0x48 /Applications/ARM/bin/../lib/gcc/arm-none-eabi/10.3.1/../../../../arm-none-eabi/lib/thumb/v7-m/nofp/libc_nano.a(lib_a-init.o)
                0x0000000008006844                __libc_init_array
 .text.memcpy   0x000000000800688c       0x1c /Applications/ARM/bin/../lib/gcc/arm-none-eabi/10.3.1/../../../../arm-none-eabi/lib/thumb/v7-m/nofp/libc_nano.a(lib_a-memcpy-stub.o)
                0x000000000800688c                memcpy
 .text.memset   0x00000000080068a8       0x10 /Applications/ARM/bin/../lib/gcc/arm-none-eabi/10.3.1/../../../../arm-none-eabi/lib/thumb/v7-m/nofp/libc_nano.a(lib_a-memset.o)
                0x00000000080068a8                memset
 .text.snprintf
                0x00000000080068b8       0x68 /Applications/ARM/bin/../lib/gcc/arm-none-eabi/10.3.1/../../../../arm-none-eabi/lib/thumb/v7-m/nofp/libc_nano.a(lib_a-snprintf.o)
                0x00000000080068b8                snprintf
                0x00000000080068b8                sniprintf
 .text._vsnprintf_r
                0x0000000008006920       0x56 /Applications/ARM/bin/../lib/gcc/arm-none-eabi/10.3.1/../../../../arm-none-eabi/lib/thumb/v7-m/nofp/libc_nano.a(lib_a-vsnprintf.o)
                0x0000000008006920                _vsnprintf_r
                0x0000000008006920                _vsniprintf_r
 *fill*         0x0000000008006976        0x2 
 .text.vsnprintf
                0x0000000008006978       0x1c /Applications/ARM/bin/../lib/gcc/arm-none-eabi/10.3.1/../../../../arm-none-eabi/lib/thumb/v7-m/nofp/libc_nano.a(lib_a-vsnprintf.o)
                0x0000000008006978                vsnprintf
                0x0000000008006978                vsniprintf
 .text.__ssputs_r
                0x0000000008006994       0xb6 /Applications/ARM/bin/../lib/gcc/arm-none-eabi/10.3.1/../../../../arm-none-eabi/lib/thumb/v7-m/nofp/libc_nano.a(lib_a-nano-svfprintf.o)
                0x0000000008006994                __ssputs_r
 *fill*         0x0000000008006a4a        0x2 
 .text._svfprintf_r
                0x0000000008006a4c      0x200 /Applications/ARM/bin/../lib/gcc/arm-none-eabi/10.3.1/../../../../arm-none-eabi/lib/thumb/v7-m/nofp/libc_nano.a(lib_a-nano-svfprintf.o)
                0x0000000008006a4c                _svfprintf_r
                0x0000000008006a4c                _svfiprintf_r
 .text._printf_common
                0x0000000008006c4c       0xde /Applications/ARM/bin/../lib/gcc/arm-none-eabi/10.3.1/../../../../arm-none-eabi/lib/thumb/v7-m/nofp/libc_nano.a(lib_a-nano-vfprintf_i.o)
                0x0000000008006c4c                _printf_common
 *fill*         0x0000000008006d2a        0x2 
 .text._printf_i
                0x0000000008006d2c      0x24c /Applications/ARM/bin/../lib/gcc/arm-none-eabi/10.3.1/../../../../arm-none-eabi/lib/thumb/v7-m/nofp/libc_nano.a(lib_a-nano-vfprintf_i.o)
                0x0000000008006d2c                _printf_i
 .text.memchr   0x0000000008006f78       0x1c /Applications/ARM/bin/../lib/gcc/arm-none-eabi/10.3.1/../../../../arm-none-eabi/lib/thumb/v7-m/nofp/libc_nano.a(lib_a-memchr-stub.o)
                0x0000000008006f78                memchr
 .text.memmove  0x0000000008006f94       0x34 /Applications/ARM/bin/../lib/gcc/arm-none-eabi/10.3.1/../../../../arm-none-eabi/lib/thumb/v7-m/nofp/libc_nano.a(lib_a-memmove.o)
                0x0000000008006f94                memmove
 .text._free_r  0x0000000008006fc8       0x90 /Applications/ARM/bin/../lib/gcc/arm-none-eabi/10.3.1/../../../../arm-none-eabi/lib/thumb/v7-m/nofp/libc_nano.a(lib_a-nano-freer.o)
                0x0000000008006fc8                _free_r
 .text.sbrk_aligned
                0x0000000008007058       0x40 /Applications/ARM/bin/../lib/gcc/arm-none-eabi/10.3.1/../../../../arm-none-eabi/lib/thumb/v7-m/nofp/libc_nano.a(lib_a-nano-mallocr.o)
 .text._malloc_r
                0x0000000008007098       0xe8 /Applications/ARM/bin/../lib/gcc/arm-none-eabi/10.3.1/../../../../arm-none-eabi/lib/thumb/v7-m/nofp/libc_nano.a(lib_a-nano-mallocr.o)
                0x0000000008007098                _malloc_r
 .text._realloc_r
                0x0000000008007180       0x5e /Applications/ARM/bin/../lib/gcc/arm-none-eabi/10.3.1/../../../../arm-none-eabi/lib/thumb/v7-m/nofp/libc_nano.a(lib_a-nano-reallocr.o)
                0x0000000008007180                _realloc_r
 *fill*         0x00000000080071de        0x2 
 .text._sbrk_r  0x00000000080071e0       0x20 /Applications/ARM/bin/../lib/gcc/arm-none-eabi/10.3.1/../../../../arm-none-eabi/lib/thumb/v7-m/nofp/libc_nano.a(lib_a-sbrkr.o)
                0x00000000080071e0                _sbrk_r
 .text.__malloc_lock
                0x0000000008007200        0xc /Applications/ARM/bin/../lib/gcc/arm-none-eabi/10.3.1/../../../../arm-none-eabi/lib/thumb/v7-m/nofp/libc_nano.a(lib_a-mlock.o)
                0x0000000008007200                __malloc_lock
 .text.__malloc_unlock
                0x000000000800720c        0xc /Applications/ARM/bin/../lib/gcc/arm-none-eabi/10.3.1/../../../../arm-none-eabi/lib/thumb/v7-m/nofp/libc_nano.a(lib_a-mlock.o)
                0x000000000800720c                __malloc_unlock
 .text._malloc_usable_size_r
                0x0000000008007218       0x10 /Applications/ARM/bin/../lib/gcc/arm-none-eabi/10.3.1/../../../../arm-none-eabi/lib/thumb/v7-m/nofp/libc_nano.a(lib_a-nano-msizer.o)
                0x0000000008007218                _malloc_usable_size_r
 .text.__retarget_lock_acquire_recursive
                0x0000000008007228        0x2 /Applications/ARM/bin/../lib/gcc/arm-none-eabi/10.3.1/../../../../arm-none-eabi/lib/thumb/v7-m/nofp/libc_nano.a(lib_a-lock.o)
                0x0000000008007228                __retarget_lock_acquire_recursive
 .text.__retarget_lock_release_recursive
                0x000000000800722a        0x2 /Applications/ARM/bin/../lib/gcc/arm-none-eabi/10.3.1/../../../../arm-none-eabi/lib/thumb/v7-m/nofp/libc_nano.a(lib_a-lock.o)
                0x000000000800722a                __retarget_lock_release_recursive
 .text._sbrk    0x000000000800722c       0x1c /Applications/ARM/bin/../lib/gcc/arm-none-eabi/10.3.1/../../../../arm-none-eabi/lib/thumb/v7-m/nofp/libnosys.a(sbrk.o)
                0x000000000800722c                _sbrk
 *(.glue_7)
 .glue_7        0x0000000008007248        0x0 linker stubs
 *(.glue_7t)
 .glue_7t       0x0000000008007248        0x0 linker stubs
 *(.eh_frame)
 .eh_frame      0x0000000008007248        0x0 /Applications/ARM/bin/../lib/gcc/arm-none-eabi/10.3.1/thumb/v7-m/nofp/crtbegin.o
 *(.init)
 .init          0x0000000008007248        0x4 /Applications/ARM/bin/../lib/gcc/arm-none-eabi/10.3.1/thumb/v7-m/nofp/crti.o
                0x0000000008007248                _init
 .init          0x000000000800724c        0x8 /Applications/ARM/bin/../lib/gcc/arm-none-eabi/10.3.1/thumb/v7-m/nofp/crtn.o
 *(.fini)
 .fini          0x0000000008007254        0x4 /Applications/ARM/bin/../lib/gcc/arm-none-eabi/10.3.1/thumb/v7-m/nofp/crti.o
                0x0000000008007254                _fini
 .fini          0x0000000008007258        0x8 /Applications/ARM/bin/../lib/gcc/arm-none-eabi/10.3.1/thumb/v7-m/nofp/crtn.o
                0x0000000008007260                . = ALIGN (0x4)
                0x0000000008007260                _etext = .

.vfp11_veneer   0x0000000008007260        0x0
 .vfp11_veneer  0x0000000008007260        0x0 linker stubs

.v4_bx          0x0000000008007260        0x0
 .v4_bx         0x0000000008007260        0x0 linker stubs

.iplt           0x0000000008007260        0x0
 .iplt          0x0000000008007260        0x0 /Applications/ARM/bin/../lib/gcc/arm-none-eabi/10.3.1/thumb/v7-m/nofp/crtbegin.o

.rodata         0x0000000008007260      0x214
                0x0000000008007260                . = ALIGN (0x4)
 *(.rodata)
 .rodata        0x0000000008007260       0x26 build/app/src/app_event.o
 *fill*         0x0000000008007286        0x2 
 .rodata        0x0000000008007288       0x30 build/app/src/app_key.o
 .rodata        0x00000000080072b8       0x25 build/app/src/app_key_demo.o
 *fill*         0x00000000080072dd        0x3 
 .rodata        0x00000000080072e0       0x31 build/app/src/app_led_demo.o
 *fill*         0x0000000008007311        0x3 
 .rodata        0x0000000008007314       0x31 build/app/src/app_service.o
 *fill*         0x0000000008007345        0x3 
 .rodata        0x0000000008007348        0x7 build/app/src/app_timer.o
 *fill*         0x000000000800734f        0x1 
 .rodata        0x0000000008007350       0x21 build/app/src/app_task.o
 *fill*         0x0000000008007371        0x3 
 .rodata        0x0000000008007374       0x1b build/app/src/log.o
 *fill*         0x000000000800738f        0x1 
 .rodata        0x0000000008007390       0x3e build/app/src/app_system.o
 *fill*         0x00000000080073ce        0x2 
 .rodata        0x00000000080073d0       0x10 build/platform/hal/stm32f1/src/stm32f1xx_hal_rcc.o
 .rodata        0x00000000080073e0        0x5 build/third_party/freertos/FreeRTOS-Kernel-main/tasks.o
 *fill*         0x00000000080073e5        0x3 
 .rodata        0x00000000080073e8        0x8 build/third_party/freertos/FreeRTOS-Kernel-main/timers.o
 *(.rodata*)
 .rodata.s_key_hw
                0x00000000080073f0       0x10 build/drivers/bsp/gpio/src/bsp_key.o
 .rodata.s_led_hw
                0x0000000008007400       0x10 build/drivers/bsp/led/src/bsp_led.o
 .rodata.s_uart_hw
                0x0000000008007410       0x18 build/drivers/bsp/uart/src/bsp_uart.o
 .rodata.AHBPrescTable
                0x0000000008007428       0x10 build/platform/cmsis/device/st/stm32f1xx/src/system_stm32f1xx.o
                0x0000000008007428                AHBPrescTable
 .rodata.APBPrescTable
                0x0000000008007438        0x8 build/platform/cmsis/device/st/stm32f1xx/src/system_stm32f1xx.o
                0x0000000008007438                APBPrescTable
 .rodata._svfprintf_r.str1.1
                0x0000000008007440       0x11 /Applications/ARM/bin/../lib/gcc/arm-none-eabi/10.3.1/../../../../arm-none-eabi/lib/thumb/v7-m/nofp/libc_nano.a(lib_a-nano-svfprintf.o)
 .rodata._printf_i.str1.1
                0x0000000008007451       0x22 /Applications/ARM/bin/../lib/gcc/arm-none-eabi/10.3.1/../../../../arm-none-eabi/lib/thumb/v7-m/nofp/libc_nano.a(lib_a-nano-vfprintf_i.o)
                0x0000000008007474                . = ALIGN (0x4)
 *fill*         0x0000000008007473        0x1 

.rel.dyn        0x0000000008007474        0x0
 .rel.iplt      0x0000000008007474        0x0 /Applications/ARM/bin/../lib/gcc/arm-none-eabi/10.3.1/thumb/v7-m/nofp/crtbegin.o

.ARM.extab      0x0000000008007474        0x0
                0x0000000008007474                . = ALIGN (0x4)
 *(.ARM.extab* .gnu.linkonce.armextab.*)
                0x0000000008007474                . = ALIGN (0x4)

.ARM            0x0000000008007474        0x0
                0x0000000008007474                . = ALIGN (0x4)
                0x0000000008007474                __exidx_start = .
 *(.ARM.exidx*)
                0x0000000008007474                __exidx_end = .
                0x0000000008007474                . = ALIGN (0x4)

.preinit_array  0x0000000008007474        0x0
                0x0000000008007474                . = ALIGN (0x4)
                0x0000000008007474                PROVIDE (__preinit_array_start = .)
 *(.preinit_array*)
                0x0000000008007474                PROVIDE (__preinit_array_end = .)
                0x0000000008007474                . = ALIGN (0x4)

.init_array     0x0000000008007474        0x4
                0x0000000008007474                . = ALIGN (0x4)
                0x0000000008007474                PROVIDE (__init_array_start = .)
 *(SORT_BY_NAME(.init_array.*))
 *(.init_array*)
 .init_array    0x0000000008007474        0x4 /Applications/ARM/bin/../lib/gcc/arm-none-eabi/10.3.1/thumb/v7-m/nofp/crtbegin.o
                0x0000000008007478                PROVIDE (__init_array_end = .)
                0x0000000008007478                . = ALIGN (0x4)

.fini_array     0x0000000008007478        0x4
                0x0000000008007478                . = ALIGN (0x4)
                [!provide]                        PROVIDE (__fini_array_start = .)
 *(SORT_BY_NAME(.fini_array.*))
 *(.fini_array*)
 .fini_array    0x0000000008007478        0x4 /Applications/ARM/bin/../lib/gcc/arm-none-eabi/10.3.1/thumb/v7-m/nofp/crtbegin.o
                [!provide]                        PROVIDE (__fini_array_end = .)
                0x000000000800747c                . = ALIGN (0x4)
                0x000000000800747c                _sidata = LOADADDR (.data)

.data           0x0000000020000000       0x78 load address 0x000000000800747c
                0x0000000020000000                . = ALIGN (0x4)
                0x0000000020000000                _sdata = .
 *(.data)
 *(.data*)
 .data.SystemCoreClock
                0x0000000020000000        0x4 build/platform/cmsis/device/st/stm32f1xx/src/system_stm32f1xx.o
                0x0000000020000000                SystemCoreClock
 .data.uwTickPrio
                0x0000000020000004        0x4 build/platform/hal/stm32f1/src/stm32f1xx_hal.o
                0x0000000020000004                uwTickPrio
 .data.uwTickFreq
                0x0000000020000008        0x1 build/platform/hal/stm32f1/src/stm32f1xx_hal.o
                0x0000000020000008                uwTickFreq
 *fill*         0x0000000020000009        0x3 
 .data.uxTopUsedPriority
                0x000000002000000c        0x4 build/third_party/freertos/FreeRTOS-Kernel-main/tasks.o
 .data.uxCriticalNesting
                0x0000000020000010        0x4 build/third_party/freertos/FreeRTOS-Kernel-main/portable/GCC/ARM_CM3/port.o
 .data._impure_ptr
                0x0000000020000014        0x4 /Applications/ARM/bin/../lib/gcc/arm-none-eabi/10.3.1/../../../../arm-none-eabi/lib/thumb/v7-m/nofp/libc_nano.a(lib_a-impure.o)
                0x0000000020000014                _impure_ptr
 .data.impure_data
                0x0000000020000018       0x60 /Applications/ARM/bin/../lib/gcc/arm-none-eabi/10.3.1/../../../../arm-none-eabi/lib/thumb/v7-m/nofp/libc_nano.a(lib_a-impure.o)
                0x0000000020000078                . = ALIGN (0x4)
                0x0000000020000078                _edata = .

.igot.plt       0x0000000020000078        0x0 load address 0x00000000080074f4
 .igot.plt      0x0000000020000078        0x0 /Applications/ARM/bin/../lib/gcc/arm-none-eabi/10.3.1/thumb/v7-m/nofp/crtbegin.o

.bss            0x0000000020000078     0x36e0 load address 0x00000000080074f4
                0x0000000020000078                . = ALIGN (0x4)
                0x0000000020000078                _sbss = .
                0x0000000020000078                __bss_start__ = _sbss
 *(.bss)
 .bss           0x0000000020000078       0x1c /Applications/ARM/bin/../lib/gcc/arm-none-eabi/10.3.1/thumb/v7-m/nofp/crtbegin.o
 *(.bss*)
 .bss.s_app_event_queue
                0x0000000020000094        0x4 build/app/src/app_event.o
 .bss.s_app_key_input_task_handle
                0x0000000020000098        0x4 build/app/src/app_key_input.o
 .bss.s_heartbeat_timer
                0x000000002000009c        0x4 build/app/src/app_timer.o
 .bss.s_log_mutex
                0x00000000200000a0        0x4 build/app/src/log.o
 .bss.s_key_irq_callback
                0x00000000200000a4        0x4 build/drivers/bsp/gpio/src/bsp_key.o
 .bss.s_uart_runtime
                0x00000000200000a8      0x50c build/drivers/bsp/uart/src/bsp_uart.o
 .bss.uwTick    0x00000000200005b4        0x4 build/platform/hal/stm32f1/src/stm32f1xx_hal.o
                0x00000000200005b4                uwTick
 .bss.pxCurrentTCB
                0x00000000200005b8        0x4 build/third_party/freertos/FreeRTOS-Kernel-main/tasks.o
                0x00000000200005b8                pxCurrentTCB
 .bss.pxReadyTasksLists
                0x00000000200005bc       0xa0 build/third_party/freertos/FreeRTOS-Kernel-main/tasks.o
 .bss.xDelayedTaskList1
                0x000000002000065c       0x14 build/third_party/freertos/FreeRTOS-Kernel-main/tasks.o
 .bss.xDelayedTaskList2
                0x0000000020000670       0x14 build/third_party/freertos/FreeRTOS-Kernel-main/tasks.o
 .bss.pxDelayedTaskList
                0x0000000020000684        0x4 build/third_party/freertos/FreeRTOS-Kernel-main/tasks.o
 .bss.pxOverflowDelayedTaskList
                0x0000000020000688        0x4 build/third_party/freertos/FreeRTOS-Kernel-main/tasks.o
 .bss.xPendingReadyList
                0x000000002000068c       0x14 build/third_party/freertos/FreeRTOS-Kernel-main/tasks.o
 .bss.xTasksWaitingTermination
                0x00000000200006a0       0x14 build/third_party/freertos/FreeRTOS-Kernel-main/tasks.o
 .bss.uxDeletedTasksWaitingCleanUp
                0x00000000200006b4        0x4 build/third_party/freertos/FreeRTOS-Kernel-main/tasks.o
 .bss.uxCurrentNumberOfTasks
                0x00000000200006b8        0x4 build/third_party/freertos/FreeRTOS-Kernel-main/tasks.o
 .bss.xTickCount
                0x00000000200006bc        0x4 build/third_party/freertos/FreeRTOS-Kernel-main/tasks.o
 .bss.uxTopReadyPriority
                0x00000000200006c0        0x4 build/third_party/freertos/FreeRTOS-Kernel-main/tasks.o
 .bss.xSchedulerRunning
                0x00000000200006c4        0x4 build/third_party/freertos/FreeRTOS-Kernel-main/tasks.o
 .bss.xPendedTicks
                0x00000000200006c8        0x4 build/third_party/freertos/FreeRTOS-Kernel-main/tasks.o
 .bss.xYieldPendings
                0x00000000200006cc        0x4 build/third_party/freertos/FreeRTOS-Kernel-main/tasks.o
 .bss.xNumOfOverflows
                0x00000000200006d0        0x4 build/third_party/freertos/FreeRTOS-Kernel-main/tasks.o
 .bss.uxTaskNumber
                0x00000000200006d4        0x4 build/third_party/freertos/FreeRTOS-Kernel-main/tasks.o
 .bss.xNextTaskUnblockTime
                0x00000000200006d8        0x4 build/third_party/freertos/FreeRTOS-Kernel-main/tasks.o
 .bss.xIdleTaskHandles
                0x00000000200006dc        0x4 build/third_party/freertos/FreeRTOS-Kernel-main/tasks.o
 .bss.uxSchedulerSuspended
                0x00000000200006e0        0x4 build/third_party/freertos/FreeRTOS-Kernel-main/tasks.o
 .bss.xActiveTimerList1
                0x00000000200006e4       0x14 build/third_party/freertos/FreeRTOS-Kernel-main/timers.o
 .bss.xActiveTimerList2
                0x00000000200006f8       0x14 build/third_party/freertos/FreeRTOS-Kernel-main/timers.o
 .bss.pxCurrentTimerList
                0x000000002000070c        0x4 build/third_party/freertos/FreeRTOS-Kernel-main/timers.o
 .bss.pxOverflowTimerList
                0x0000000020000710        0x4 build/third_party/freertos/FreeRTOS-Kernel-main/timers.o
 .bss.xTimerQueue
                0x0000000020000714        0x4 build/third_party/freertos/FreeRTOS-Kernel-main/timers.o
 .bss.xTimerTaskHandle
                0x0000000020000718        0x4 build/third_party/freertos/FreeRTOS-Kernel-main/timers.o
 .bss.xLastTime.0
                0x000000002000071c        0x4 build/third_party/freertos/FreeRTOS-Kernel-main/timers.o
 .bss.ucMaxSysCallPriority
                0x0000000020000720        0x1 build/third_party/freertos/FreeRTOS-Kernel-main/portable/GCC/ARM_CM3/port.o
 *fill*         0x0000000020000721        0x3 
 .bss.ulMaxPRIGROUPValue
                0x0000000020000724        0x4 build/third_party/freertos/FreeRTOS-Kernel-main/portable/GCC/ARM_CM3/port.o
 .bss.ucHeap    0x0000000020000728     0x3000 build/third_party/freertos/FreeRTOS-Kernel-main/portable/MemMang/heap_4.o
 .bss.xStart    0x0000000020003728        0x8 build/third_party/freertos/FreeRTOS-Kernel-main/portable/MemMang/heap_4.o
 .bss.pxEnd     0x0000000020003730        0x4 build/third_party/freertos/FreeRTOS-Kernel-main/portable/MemMang/heap_4.o
 .bss.xFreeBytesRemaining
                0x0000000020003734        0x4 build/third_party/freertos/FreeRTOS-Kernel-main/portable/MemMang/heap_4.o
 .bss.xMinimumEverFreeBytesRemaining
                0x0000000020003738        0x4 build/third_party/freertos/FreeRTOS-Kernel-main/portable/MemMang/heap_4.o
 .bss.xNumberOfSuccessfulAllocations
                0x000000002000373c        0x4 build/third_party/freertos/FreeRTOS-Kernel-main/portable/MemMang/heap_4.o
 .bss.xNumberOfSuccessfulFrees
                0x0000000020003740        0x4 build/third_party/freertos/FreeRTOS-Kernel-main/portable/MemMang/heap_4.o
 .bss.__malloc_free_list
                0x0000000020003744        0x4 /Applications/ARM/bin/../lib/gcc/arm-none-eabi/10.3.1/../../../../arm-none-eabi/lib/thumb/v7-m/nofp/libc_nano.a(lib_a-nano-mallocr.o)
                0x0000000020003744                __malloc_free_list
 .bss.__malloc_sbrk_start
                0x0000000020003748        0x4 /Applications/ARM/bin/../lib/gcc/arm-none-eabi/10.3.1/../../../../arm-none-eabi/lib/thumb/v7-m/nofp/libc_nano.a(lib_a-nano-mallocr.o)
                0x0000000020003748                __malloc_sbrk_start
 .bss.errno     0x000000002000374c        0x4 /Applications/ARM/bin/../lib/gcc/arm-none-eabi/10.3.1/../../../../arm-none-eabi/lib/thumb/v7-m/nofp/libc_nano.a(lib_a-reent.o)
                0x000000002000374c                errno
 .bss.__lock___malloc_recursive_mutex
                0x0000000020003750        0x1 /Applications/ARM/bin/../lib/gcc/arm-none-eabi/10.3.1/../../../../arm-none-eabi/lib/thumb/v7-m/nofp/libc_nano.a(lib_a-lock.o)
                0x0000000020003750                __lock___malloc_recursive_mutex
 *fill*         0x0000000020003751        0x3 
 .bss.heap_end.0
                0x0000000020003754        0x4 /Applications/ARM/bin/../lib/gcc/arm-none-eabi/10.3.1/../../../../arm-none-eabi/lib/thumb/v7-m/nofp/libnosys.a(sbrk.o)
 *(COMMON)
                0x0000000020003758                . = ALIGN (0x4)
                0x0000000020003758                _ebss = .
                0x0000000020003758                __bss_end__ = _ebss

._user_heap_stack
                0x0000000020003758      0xc00 load address 0x00000000080074f4
                0x0000000020003758                . = ALIGN (0x8)
                0x0000000020003758                PROVIDE (end = .)
                [!provide]                        PROVIDE (_end = .)
                0x0000000020003b58                . = (. + _Min_Heap_Size)
 *fill*         0x0000000020003758      0x400 
                0x0000000020004358                . = (. + _Min_Stack_Size)
 *fill*         0x0000000020003b58      0x800 
                0x0000000020004358                . = ALIGN (0x8)

/DISCARD/
 libc.a(*)
 libm.a(*)
 libgcc.a(*)

.ARM.attributes
                0x0000000000000000       0x29
 *(.ARM.attributes)
 .ARM.attributes
                0x0000000000000000       0x1d /Applications/ARM/bin/../lib/gcc/arm-none-eabi/10.3.1/thumb/v7-m/nofp/crti.o
 .ARM.attributes
                0x000000000000001d       0x2d /Applications/ARM/bin/../lib/gcc/arm-none-eabi/10.3.1/thumb/v7-m/nofp/crtbegin.o
 .ARM.attributes
                0x000000000000004a       0x2d build/app/src/app.o
 .ARM.attributes
                0x0000000000000077       0x2d build/app/src/app_event.o
 .ARM.attributes
                0x00000000000000a4       0x2d build/app/src/app_key.o
 .ARM.attributes
                0x00000000000000d1       0x2d build/app/src/app_key_demo.o
 .ARM.attributes
                0x00000000000000fe       0x2d build/app/src/app_key_input.o
 .ARM.attributes
                0x000000000000012b       0x2d build/app/src/app_led_demo.o
 .ARM.attributes
                0x0000000000000158       0x2d build/app/src/app_service.o
 .ARM.attributes
                0x0000000000000185       0x2d build/app/src/app_timer.o
 .ARM.attributes
                0x00000000000001b2       0x2d build/app/src/app_task.o
 .ARM.attributes
                0x00000000000001df       0x2d build/app/src/log.o
 .ARM.attributes
                0x000000000000020c       0x2d build/app/src/app_system.o
 .ARM.attributes
                0x0000000000000239       0x2d build/app/src/main.o
 .ARM.attributes
                0x0000000000000266       0x2d build/drivers/bsp/gpio/src/bsp_key.o
 .ARM.attributes
                0x0000000000000293       0x2d build/drivers/bsp/led/src/bsp_led.o
 .ARM.attributes
                0x00000000000002c0       0x2d build/drivers/bsp/uart/src/bsp_uart.o
 .ARM.attributes
                0x00000000000002ed       0x2d build/platform/boards/stm32f103rct6_generic/src/board.o
 .ARM.attributes
                0x000000000000031a       0x2d build/platform/boards/stm32f103rct6_generic/src/board_irq.o
 .ARM.attributes
                0x0000000000000347       0x2d build/platform/boards/stm32f103rct6_generic/src/stm32f1xx_it.o
 .ARM.attributes
                0x0000000000000374       0x2d build/platform/cmsis/device/st/stm32f1xx/src/system_stm32f1xx.o
 .ARM.attributes
                0x00000000000003a1       0x2d build/platform/hal/stm32f1/src/stm32f1xx_hal.o
 .ARM.attributes
                0x00000000000003ce       0x2d build/platform/hal/stm32f1/src/stm32f1xx_hal_cortex.o
 .ARM.attributes
                0x00000000000003fb       0x2d build/platform/hal/stm32f1/src/stm32f1xx_hal_dma.o
 .ARM.attributes
                0x0000000000000428       0x2d build/platform/hal/stm32f1/src/stm32f1xx_hal_gpio.o
 .ARM.attributes
                0x0000000000000455       0x2d build/platform/hal/stm32f1/src/stm32f1xx_hal_rcc.o
 .ARM.attributes
                0x0000000000000482       0x2d build/platform/hal/stm32f1/src/stm32f1xx_hal_uart.o
 .ARM.attributes
                0x00000000000004af       0x2d build/rtos/wrappers/src/rtos_hooks.o
 .ARM.attributes
                0x00000000000004dc       0x2d build/third_party/freertos/FreeRTOS-Kernel-main/list.o
 .ARM.attributes
                0x0000000000000509       0x2d build/third_party/freertos/FreeRTOS-Kernel-main/queue.o
 .ARM.attributes
                0x0000000000000536       0x2d build/third_party/freertos/FreeRTOS-Kernel-main/tasks.o
 .ARM.attributes
                0x0000000000000563       0x2d build/third_party/freertos/FreeRTOS-Kernel-main/timers.o
 .ARM.attributes
                0x0000000000000590       0x2d build/third_party/freertos/FreeRTOS-Kernel-main/portable/GCC/ARM_CM3/port.o
 .ARM.attributes
                0x00000000000005bd       0x2d build/third_party/freertos/FreeRTOS-Kernel-main/portable/MemMang/heap_4.o
 .ARM.attributes
                0x00000000000005ea       0x21 build/platform/startup/stm32f103rct6/startup_stm32f103xe.o
 .ARM.attributes
                0x000000000000060b       0x2d /Applications/ARM/bin/../lib/gcc/arm-none-eabi/10.3.1/../../../../arm-none-eabi/lib/thumb/v7-m/nofp/libc_nano.a(lib_a-impure.o)
 .ARM.attributes
                0x0000000000000638       0x2d /Applications/ARM/bin/../lib/gcc/arm-none-eabi/10.3.1/../../../../arm-none-eabi/lib/thumb/v7-m/nofp/libc_nano.a(lib_a-init.o)
 .ARM.attributes
                0x0000000000000665       0x2d /Applications/ARM/bin/../lib/gcc/arm-none-eabi/10.3.1/../../../../arm-none-eabi/lib/thumb/v7-m/nofp/libc_nano.a(lib_a-memcpy-stub.o)
 .ARM.attributes
                0x0000000000000692       0x2d /Applications/ARM/bin/../lib/gcc/arm-none-eabi/10.3.1/../../../../arm-none-eabi/lib/thumb/v7-m/nofp/libc_nano.a(lib_a-memset.o)
 .ARM.attributes
                0x00000000000006bf       0x2d /Applications/ARM/bin/../lib/gcc/arm-none-eabi/10.3.1/../../../../arm-none-eabi/lib/thumb/v7-m/nofp/libc_nano.a(lib_a-snprintf.o)
 .ARM.attributes
                0x00000000000006ec       0x2d /Applications/ARM/bin/../lib/gcc/arm-none-eabi/10.3.1/../../../../arm-none-eabi/lib/thumb/v7-m/nofp/libc_nano.a(lib_a-vsnprintf.o)
 .ARM.attributes
                0x0000000000000719       0x2d /Applications/ARM/bin/../lib/gcc/arm-none-eabi/10.3.1/../../../../arm-none-eabi/lib/thumb/v7-m/nofp/libc_nano.a(lib_a-nano-svfprintf.o)
 .ARM.attributes
                0x0000000000000746       0x2d /Applications/ARM/bin/../lib/gcc/arm-none-eabi/10.3.1/../../../../arm-none-eabi/lib/thumb/v7-m/nofp/libc_nano.a(lib_a-nano-vfprintf_i.o)
 .ARM.attributes
                0x0000000000000773       0x2d /Applications/ARM/bin/../lib/gcc/arm-none-eabi/10.3.1/../../../../arm-none-eabi/lib/thumb/v7-m/nofp/libc_nano.a(lib_a-memchr-stub.o)
 .ARM.attributes
                0x00000000000007a0       0x2d /Applications/ARM/bin/../lib/gcc/arm-none-eabi/10.3.1/../../../../arm-none-eabi/lib/thumb/v7-m/nofp/libc_nano.a(lib_a-memmove.o)
 .ARM.attributes
                0x00000000000007cd       0x2d /Applications/ARM/bin/../lib/gcc/arm-none-eabi/10.3.1/../../../../arm-none-eabi/lib/thumb/v7-m/nofp/libc_nano.a(lib_a-nano-freer.o)
 .ARM.attributes
                0x00000000000007fa       0x2d /Applications/ARM/bin/../lib/gcc/arm-none-eabi/10.3.1/../../../../arm-none-eabi/lib/thumb/v7-m/nofp/libc_nano.a(lib_a-nano-mallocr.o)
 .ARM.attributes
                0x0000000000000827       0x2d /Applications/ARM/bin/../lib/gcc/arm-none-eabi/10.3.1/../../../../arm-none-eabi/lib/thumb/v7-m/nofp/libc_nano.a(lib_a-nano-reallocr.o)
 .ARM.attributes
                0x0000000000000854       0x2d /Applications/ARM/bin/../lib/gcc/arm-none-eabi/10.3.1/../../../../arm-none-eabi/lib/thumb/v7-m/nofp/libc_nano.a(lib_a-sbrkr.o)
 .ARM.attributes
                0x0000000000000881       0x2d /Applications/ARM/bin/../lib/gcc/arm-none-eabi/10.3.1/../../../../arm-none-eabi/lib/thumb/v7-m/nofp/libc_nano.a(lib_a-mlock.o)
 .ARM.attributes
                0x00000000000008ae       0x2d /Applications/ARM/bin/../lib/gcc/arm-none-eabi/10.3.1/../../../../arm-none-eabi/lib/thumb/v7-m/nofp/libc_nano.a(lib_a-nano-msizer.o)
 .ARM.attributes
                0x00000000000008db       0x2d /Applications/ARM/bin/../lib/gcc/arm-none-eabi/10.3.1/../../../../arm-none-eabi/lib/thumb/v7-m/nofp/libc_nano.a(lib_a-reent.o)
 .ARM.attributes
                0x0000000000000908       0x2d /Applications/ARM/bin/../lib/gcc/arm-none-eabi/10.3.1/../../../../arm-none-eabi/lib/thumb/v7-m/nofp/libc_nano.a(lib_a-lock.o)
 .ARM.attributes
                0x0000000000000935       0x2d /Applications/ARM/bin/../lib/gcc/arm-none-eabi/10.3.1/../../../../arm-none-eabi/lib/thumb/v7-m/nofp/libnosys.a(sbrk.o)
 .ARM.attributes
                0x0000000000000962       0x1d /Applications/ARM/bin/../lib/gcc/arm-none-eabi/10.3.1/thumb/v7-m/nofp/crtn.o
OUTPUT(output/stm32f103rct6_app.elf elf32-littlearm)
LOAD linker stubs
LOAD /Applications/ARM/bin/../lib/gcc/arm-none-eabi/10.3.1/../../../../arm-none-eabi/lib/thumb/v7-m/nofp/libc.a
LOAD /Applications/ARM/bin/../lib/gcc/arm-none-eabi/10.3.1/../../../../arm-none-eabi/lib/thumb/v7-m/nofp/libm.a
LOAD /Applications/ARM/bin/../lib/gcc/arm-none-eabi/10.3.1/thumb/v7-m/nofp/libgcc.a

.debug_info     0x0000000000000000     0xbcdd
 .debug_info    0x0000000000000000       0x4e build/app/src/app.o
 .debug_info    0x000000000000004e      0x3cf build/app/src/app_event.o
 .debug_info    0x000000000000041d      0x181 build/app/src/app_key.o
 .debug_info    0x000000000000059e      0x2c1 build/app/src/app_key_demo.o
 .debug_info    0x000000000000085f      0x1a4 build/app/src/app_key_input.o
 .debug_info    0x0000000000000a03      0x169 build/app/src/app_led_demo.o
 .debug_info    0x0000000000000b6c       0x55 build/app/src/app_service.o
 .debug_info    0x0000000000000bc1      0x1a3 build/app/src/app_timer.o
 .debug_info    0x0000000000000d64       0x6a build/app/src/app_task.o
 .debug_info    0x0000000000000dce      0x346 build/app/src/log.o
 .debug_info    0x0000000000001114       0xd4 build/app/src/app_system.o
 .debug_info    0x00000000000011e8       0x94 build/app/src/main.o
 .debug_info    0x000000000000127c      0x6dc build/drivers/bsp/gpio/src/bsp_key.o
 .debug_info    0x0000000000001958      0x438 build/drivers/bsp/led/src/bsp_led.o
 .debug_info    0x0000000000001d90      0xf6b build/drivers/bsp/uart/src/bsp_uart.o
 .debug_info    0x0000000000002cfb      0x28e build/platform/boards/stm32f103rct6_generic/src/board.o
 .debug_info    0x0000000000002f89      0x183 build/platform/boards/stm32f103rct6_generic/src/board_irq.o
 .debug_info    0x000000000000310c       0xf0 build/platform/boards/stm32f103rct6_generic/src/stm32f1xx_it.o
 .debug_info    0x00000000000031fc      0x3f8 build/platform/cmsis/device/st/stm32f1xx/src/system_stm32f1xx.o
 .debug_info    0x00000000000035f4      0x72f build/platform/hal/stm32f1/src/stm32f1xx_hal.o
 .debug_info    0x0000000000003d23      0xb86 build/platform/hal/stm32f1/src/stm32f1xx_hal_cortex.o
 .debug_info    0x00000000000048a9      0x732 build/platform/hal/stm32f1/src/stm32f1xx_hal_dma.o
 .debug_info    0x0000000000004fdb      0x605 build/platform/hal/stm32f1/src/stm32f1xx_hal_gpio.o
 .debug_info    0x00000000000055e0      0x819 build/platform/hal/stm32f1/src/stm32f1xx_hal_rcc.o
 .debug_info    0x0000000000005df9     0x121e build/platform/hal/stm32f1/src/stm32f1xx_hal_uart.o
 .debug_info    0x0000000000007017      0x147 build/rtos/wrappers/src/rtos_hooks.o
 .debug_info    0x000000000000715e      0x2cc build/third_party/freertos/FreeRTOS-Kernel-main/list.o
 .debug_info    0x000000000000742a     0x128b build/third_party/freertos/FreeRTOS-Kernel-main/queue.o
 .debug_info    0x00000000000086b5     0x1de0 build/third_party/freertos/FreeRTOS-Kernel-main/tasks.o
 .debug_info    0x000000000000a495      0xe0d build/third_party/freertos/FreeRTOS-Kernel-main/timers.o
 .debug_info    0x000000000000b2a2      0x4e2 build/third_party/freertos/FreeRTOS-Kernel-main/portable/GCC/ARM_CM3/port.o
 .debug_info    0x000000000000b784      0x559 build/third_party/freertos/FreeRTOS-Kernel-main/portable/MemMang/heap_4.o

.debug_abbrev   0x0000000000000000     0x2cfe
 .debug_abbrev  0x0000000000000000       0x31 build/app/src/app.o
 .debug_abbrev  0x0000000000000031      0x150 build/app/src/app_event.o
 .debug_abbrev  0x0000000000000181      0x102 build/app/src/app_key.o
 .debug_abbrev  0x0000000000000283      0x141 build/app/src/app_key_demo.o
 .debug_abbrev  0x00000000000003c4       0xeb build/app/src/app_key_input.o
 .debug_abbrev  0x00000000000004af       0xd9 build/app/src/app_led_demo.o
 .debug_abbrev  0x0000000000000588       0x3c build/app/src/app_service.o
 .debug_abbrev  0x00000000000005c4       0xe4 build/app/src/app_timer.o
 .debug_abbrev  0x00000000000006a8       0x58 build/app/src/app_task.o
 .debug_abbrev  0x0000000000000700      0x14a build/app/src/log.o
 .debug_abbrev  0x000000000000084a       0xb5 build/app/src/app_system.o
 .debug_abbrev  0x00000000000008ff       0x49 build/app/src/main.o
 .debug_abbrev  0x0000000000000948      0x1ed build/drivers/bsp/gpio/src/bsp_key.o
 .debug_abbrev  0x0000000000000b35      0x189 build/drivers/bsp/led/src/bsp_led.o
 .debug_abbrev  0x0000000000000cbe      0x317 build/drivers/bsp/uart/src/bsp_uart.o
 .debug_abbrev  0x0000000000000fd5      0x137 build/platform/boards/stm32f103rct6_generic/src/board.o
 .debug_abbrev  0x000000000000110c       0x8c build/platform/boards/stm32f103rct6_generic/src/board_irq.o
 .debug_abbrev  0x0000000000001198       0x31 build/platform/boards/stm32f103rct6_generic/src/stm32f1xx_it.o
 .debug_abbrev  0x00000000000011c9      0x13b build/platform/cmsis/device/st/stm32f1xx/src/system_stm32f1xx.o
 .debug_abbrev  0x0000000000001304      0x1db build/platform/hal/stm32f1/src/stm32f1xx_hal.o
 .debug_abbrev  0x00000000000014df      0x2ed build/platform/hal/stm32f1/src/stm32f1xx_hal_cortex.o
 .debug_abbrev  0x00000000000017cc      0x1e9 build/platform/hal/stm32f1/src/stm32f1xx_hal_dma.o
 .debug_abbrev  0x00000000000019b5      0x1bb build/platform/hal/stm32f1/src/stm32f1xx_hal_gpio.o
 .debug_abbrev  0x0000000000001b70      0x260 build/platform/hal/stm32f1/src/stm32f1xx_hal_rcc.o
 .debug_abbrev  0x0000000000001dd0      0x231 build/platform/hal/stm32f1/src/stm32f1xx_hal_uart.o
 .debug_abbrev  0x0000000000002001       0xb5 build/rtos/wrappers/src/rtos_hooks.o
 .debug_abbrev  0x00000000000020b6       0xeb build/third_party/freertos/FreeRTOS-Kernel-main/list.o
 .debug_abbrev  0x00000000000021a1      0x237 build/third_party/freertos/FreeRTOS-Kernel-main/queue.o
 .debug_abbrev  0x00000000000023d8      0x2f7 build/third_party/freertos/FreeRTOS-Kernel-main/tasks.o
 .debug_abbrev  0x00000000000026cf      0x217 build/third_party/freertos/FreeRTOS-Kernel-main/timers.o
 .debug_abbrev  0x00000000000028e6      0x250 build/third_party/freertos/FreeRTOS-Kernel-main/portable/GCC/ARM_CM3/port.o
 .debug_abbrev  0x0000000000002b36      0x1c8 build/third_party/freertos/FreeRTOS-Kernel-main/portable/MemMang/heap_4.o

.debug_aranges  0x0000000000000000      0xe80
 .debug_aranges
                0x0000000000000000       0x28 build/app/src/app.o
 .debug_aranges
                0x0000000000000028       0x40 build/app/src/app_event.o
 .debug_aranges
                0x0000000000000068       0x28 build/app/src/app_key.o
 .debug_aranges
                0x0000000000000090       0x28 build/app/src/app_key_demo.o
 .debug_aranges
                0x00000000000000b8       0x30 build/app/src/app_key_input.o
 .debug_aranges
                0x00000000000000e8       0x28 build/app/src/app_led_demo.o
 .debug_aranges
                0x0000000000000110       0x28 build/app/src/app_service.o
 .debug_aranges
                0x0000000000000138       0x30 build/app/src/app_timer.o
 .debug_aranges
                0x0000000000000168       0x20 build/app/src/app_task.o
 .debug_aranges
                0x0000000000000188       0x40 build/app/src/log.o
 .debug_aranges
                0x00000000000001c8       0x20 build/app/src/app_system.o
 .debug_aranges
                0x00000000000001e8       0x20 build/app/src/main.o
 .debug_aranges
                0x0000000000000208       0x50 build/drivers/bsp/gpio/src/bsp_key.o
 .debug_aranges
                0x0000000000000258       0x48 build/drivers/bsp/led/src/bsp_led.o
 .debug_aranges
                0x00000000000002a0       0x90 build/drivers/bsp/uart/src/bsp_uart.o
 .debug_aranges
                0x0000000000000330       0x40 build/platform/boards/stm32f103rct6_generic/src/board.o
 .debug_aranges
                0x0000000000000370       0x70 build/platform/boards/stm32f103rct6_generic/src/board_irq.o
 .debug_aranges
                0x00000000000003e0       0x70 build/platform/boards/stm32f103rct6_generic/src/stm32f1xx_it.o
 .debug_aranges
                0x0000000000000450       0x28 build/platform/cmsis/device/st/stm32f1xx/src/system_stm32f1xx.o
 .debug_aranges
                0x0000000000000478       0xe0 build/platform/hal/stm32f1/src/stm32f1xx_hal.o
 .debug_aranges
                0x0000000000000558      0x100 build/platform/hal/stm32f1/src/stm32f1xx_hal_cortex.o
 .debug_aranges
                0x0000000000000658       0x80 build/platform/hal/stm32f1/src/stm32f1xx_hal_dma.o
 .debug_aranges
                0x00000000000006d8       0x58 build/platform/hal/stm32f1/src/stm32f1xx_hal_gpio.o
 .debug_aranges
                0x0000000000000730       0x90 build/platform/hal/stm32f1/src/stm32f1xx_hal_rcc.o
 .debug_aranges
                0x00000000000007c0      0x1d0 build/platform/hal/stm32f1/src/stm32f1xx_hal_uart.o
 .debug_aranges
                0x0000000000000990       0x28 build/rtos/wrappers/src/rtos_hooks.o
 .debug_aranges
                0x00000000000009b8       0x40 build/third_party/freertos/FreeRTOS-Kernel-main/list.o
 .debug_aranges
                0x00000000000009f8       0xf8 build/third_party/freertos/FreeRTOS-Kernel-main/queue.o
 .debug_aranges
                0x0000000000000af0      0x1b0 build/third_party/freertos/FreeRTOS-Kernel-main/tasks.o
 .debug_aranges
                0x0000000000000ca0       0xf8 build/third_party/freertos/FreeRTOS-Kernel-main/timers.o
 .debug_aranges
                0x0000000000000d98       0x78 build/third_party/freertos/FreeRTOS-Kernel-main/portable/GCC/ARM_CM3/port.o
 .debug_aranges
                0x0000000000000e10       0x70 build/third_party/freertos/FreeRTOS-Kernel-main/portable/MemMang/heap_4.o

.debug_ranges   0x0000000000000000      0xc98
 .debug_ranges  0x0000000000000000       0x18 build/app/src/app.o
 .debug_ranges  0x0000000000000018       0x30 build/app/src/app_event.o
 .debug_ranges  0x0000000000000048       0x18 build/app/src/app_key.o
 .debug_ranges  0x0000000000000060       0x18 build/app/src/app_key_demo.o
 .debug_ranges  0x0000000000000078       0x20 build/app/src/app_key_input.o
 .debug_ranges  0x0000000000000098       0x18 build/app/src/app_led_demo.o
 .debug_ranges  0x00000000000000b0       0x18 build/app/src/app_service.o
 .debug_ranges  0x00000000000000c8       0x20 build/app/src/app_timer.o
 .debug_ranges  0x00000000000000e8       0x10 build/app/src/app_task.o
 .debug_ranges  0x00000000000000f8       0x30 build/app/src/log.o
 .debug_ranges  0x0000000000000128       0x10 build/app/src/app_system.o
 .debug_ranges  0x0000000000000138       0x10 build/app/src/main.o
 .debug_ranges  0x0000000000000148       0x40 build/drivers/bsp/gpio/src/bsp_key.o
 .debug_ranges  0x0000000000000188       0x38 build/drivers/bsp/led/src/bsp_led.o
 .debug_ranges  0x00000000000001c0       0x98 build/drivers/bsp/uart/src/bsp_uart.o
 .debug_ranges  0x0000000000000258       0x30 build/platform/boards/stm32f103rct6_generic/src/board.o
 .debug_ranges  0x0000000000000288       0x60 build/platform/boards/stm32f103rct6_generic/src/board_irq.o
 .debug_ranges  0x00000000000002e8       0x60 build/platform/boards/stm32f103rct6_generic/src/stm32f1xx_it.o
 .debug_ranges  0x0000000000000348       0x18 build/platform/cmsis/device/st/stm32f1xx/src/system_stm32f1xx.o
 .debug_ranges  0x0000000000000360       0xd0 build/platform/hal/stm32f1/src/stm32f1xx_hal.o
 .debug_ranges  0x0000000000000430       0xf0 build/platform/hal/stm32f1/src/stm32f1xx_hal_cortex.o
 .debug_ranges  0x0000000000000520       0x70 build/platform/hal/stm32f1/src/stm32f1xx_hal_dma.o
 .debug_ranges  0x0000000000000590       0x48 build/platform/hal/stm32f1/src/stm32f1xx_hal_gpio.o
 .debug_ranges  0x00000000000005d8       0x80 build/platform/hal/stm32f1/src/stm32f1xx_hal_rcc.o
 .debug_ranges  0x0000000000000658      0x1c0 build/platform/hal/stm32f1/src/stm32f1xx_hal_uart.o
 .debug_ranges  0x0000000000000818       0x18 build/rtos/wrappers/src/rtos_hooks.o
 .debug_ranges  0x0000000000000830       0x30 build/third_party/freertos/FreeRTOS-Kernel-main/list.o
 .debug_ranges  0x0000000000000860       0xe8 build/third_party/freertos/FreeRTOS-Kernel-main/queue.o
 .debug_ranges  0x0000000000000948      0x1a0 build/third_party/freertos/FreeRTOS-Kernel-main/tasks.o
 .debug_ranges  0x0000000000000ae8       0xe8 build/third_party/freertos/FreeRTOS-Kernel-main/timers.o
 .debug_ranges  0x0000000000000bd0       0x68 build/third_party/freertos/FreeRTOS-Kernel-main/portable/GCC/ARM_CM3/port.o
 .debug_ranges  0x0000000000000c38       0x60 build/third_party/freertos/FreeRTOS-Kernel-main/portable/MemMang/heap_4.o

.debug_macro    0x0000000000000000    0x19e00
 .debug_macro   0x0000000000000000       0x2f build/app/src/app.o
 .debug_macro   0x000000000000002f      0xa6c build/app/src/app.o
 .debug_macro   0x0000000000000a9b      0x26a build/app/src/app_event.o
 .debug_macro   0x0000000000000d05       0x2e build/app/src/app_event.o
 .debug_macro   0x0000000000000d33      0x174 build/app/src/app_event.o
 .debug_macro   0x0000000000000ea7       0x22 build/app/src/app_event.o
 .debug_macro   0x0000000000000ec9       0x56 build/app/src/app_event.o
 .debug_macro   0x0000000000000f1f       0x51 build/app/src/app_event.o
 .debug_macro   0x0000000000000f70      0x103 build/app/src/app_event.o
 .debug_macro   0x0000000000001073       0x6a build/app/src/app_event.o
 .debug_macro   0x00000000000010dd      0x1df build/app/src/app_event.o
 .debug_macro   0x00000000000012bc       0x16 build/app/src/app_event.o
 .debug_macro   0x00000000000012d2       0x2e build/app/src/app_event.o
 .debug_macro   0x0000000000001300       0x22 build/app/src/app_event.o
 .debug_macro   0x0000000000001322       0x1c build/app/src/app_event.o
 .debug_macro   0x000000000000133e       0x22 build/app/src/app_event.o
 .debug_macro   0x0000000000001360       0xbd build/app/src/app_event.o
 .debug_macro   0x000000000000141d      0xd23 build/app/src/app_event.o
 .debug_macro   0x0000000000002140     0xfd8c build/app/src/app_event.o
 .debug_macro   0x0000000000011ecc       0x43 build/app/src/app_event.o
 .debug_macro   0x0000000000011f0f       0xf4 build/app/src/app_event.o
 .debug_macro   0x0000000000012003       0x5a build/app/src/app_event.o
 .debug_macro   0x000000000001205d      0x5be build/app/src/app_event.o
 .debug_macro   0x000000000001261b      0x4d5 build/app/src/app_event.o
 .debug_macro   0x0000000000012af0      0x1cb build/app/src/app_event.o
 .debug_macro   0x0000000000012cbb      0x114 build/app/src/app_event.o
 .debug_macro   0x0000000000012dcf      0x1ea build/app/src/app_event.o
 .debug_macro   0x0000000000012fb9       0x27 build/app/src/app_event.o
 .debug_macro   0x0000000000012fe0      0x1bc build/app/src/app_event.o
 .debug_macro   0x000000000001319c       0x30 build/app/src/app_event.o
 .debug_macro   0x00000000000131cc       0x3c build/app/src/app_event.o
 .debug_macro   0x0000000000013208       0x57 build/app/src/app_event.o
 .debug_macro   0x000000000001325f      0x144 build/app/src/app_event.o
 .debug_macro   0x00000000000133a3       0x88 build/app/src/app_event.o
 .debug_macro   0x000000000001342b      0x24f build/app/src/app_event.o
 .debug_macro   0x000000000001367a      0x141 build/app/src/app_event.o
 .debug_macro   0x00000000000137bb      0x26b build/app/src/app_event.o
 .debug_macro   0x0000000000013a26       0xb5 build/app/src/app_event.o
 .debug_macro   0x0000000000013adb      0x160 build/app/src/app_event.o
 .debug_macro   0x0000000000013c3b       0x28 build/app/src/app_event.o
 .debug_macro   0x0000000000013c63      0x182 build/app/src/app_event.o
 .debug_macro   0x0000000000013de5       0xe7 build/app/src/app_event.o
 .debug_macro   0x0000000000013ecc       0x34 build/app/src/app_event.o
 .debug_macro   0x0000000000013f00       0x1f build/app/src/app_event.o
 .debug_macro   0x0000000000013f1f       0x12 build/app/src/app_event.o
 .debug_macro   0x0000000000013f31      0xfee build/app/src/app_event.o
 .debug_macro   0x0000000000014f1f       0x58 build/app/src/app_event.o
 .debug_macro   0x0000000000014f77       0xc3 build/app/src/app_event.o
 .debug_macro   0x000000000001503a      0x161 build/app/src/app_event.o
 .debug_macro   0x000000000001519b       0x80 build/app/src/app_event.o
 .debug_macro   0x000000000001521b       0x41 build/app/src/app_key.o
 .debug_macro   0x000000000001525c      0x259 build/app/src/app_key_demo.o
 .debug_macro   0x00000000000154b5      0x223 build/app/src/app_key_input.o
 .debug_macro   0x00000000000156d8      0x239 build/app/src/app_led_demo.o
 .debug_macro   0x0000000000015911       0x4c build/app/src/app_service.o
 .debug_macro   0x000000000001595d      0x23c build/app/src/app_timer.o
 .debug_macro   0x0000000000015b99       0x98 build/app/src/app_timer.o
 .debug_macro   0x0000000000015c31       0x60 build/app/src/app_task.o
 .debug_macro   0x0000000000015c91      0x32c build/app/src/log.o
 .debug_macro   0x0000000000015fbd       0x5e build/app/src/log.o
 .debug_macro   0x000000000001601b       0x18 build/app/src/log.o
 .debug_macro   0x0000000000016033       0x5c build/app/src/log.o
 .debug_macro   0x000000000001608f       0x35 build/app/src/log.o
 .debug_macro   0x00000000000160c4       0x34 build/app/src/log.o
 .debug_macro   0x00000000000160f8       0x16 build/app/src/log.o
 .debug_macro   0x000000000001610e       0x57 build/app/src/log.o
 .debug_macro   0x0000000000016165       0x97 build/app/src/log.o
 .debug_macro   0x00000000000161fc      0x341 build/app/src/log.o
 .debug_macro   0x000000000001653d       0xfd build/app/src/log.o
 .debug_macro   0x000000000001663a       0x16 build/app/src/log.o
 .debug_macro   0x0000000000016650       0x43 build/app/src/log.o
 .debug_macro   0x0000000000016693       0x34 build/app/src/log.o
 .debug_macro   0x00000000000166c7       0x10 build/app/src/log.o
 .debug_macro   0x00000000000166d7       0x58 build/app/src/log.o
 .debug_macro   0x000000000001672f      0x182 build/app/src/log.o
 .debug_macro   0x00000000000168b1       0x10 build/app/src/log.o
 .debug_macro   0x00000000000168c1       0xb2 build/app/src/log.o
 .debug_macro   0x0000000000016973       0x16 build/app/src/log.o
 .debug_macro   0x0000000000016989      0x129 build/app/src/log.o
 .debug_macro   0x0000000000016ab2       0x54 build/app/src/log.o
 .debug_macro   0x0000000000016b06       0x62 build/app/src/log.o
 .debug_macro   0x0000000000016b68       0x4b build/app/src/app_system.o
 .debug_macro   0x0000000000016bb3      0x21d build/app/src/main.o
 .debug_macro   0x0000000000016dd0      0x1af build/drivers/bsp/gpio/src/bsp_key.o
 .debug_macro   0x0000000000016f7f       0x88 build/drivers/bsp/gpio/src/bsp_key.o
 .debug_macro   0x0000000000017007      0x1af build/drivers/bsp/led/src/bsp_led.o
 .debug_macro   0x00000000000171b6      0x2dc build/drivers/bsp/uart/src/bsp_uart.o
 .debug_macro   0x0000000000017492       0x64 build/drivers/bsp/uart/src/bsp_uart.o
 .debug_macro   0x00000000000174f6       0x10 build/drivers/bsp/uart/src/bsp_uart.o
 .debug_macro   0x0000000000017506       0x35 build/drivers/bsp/uart/src/bsp_uart.o
 .debug_macro   0x000000000001753b      0x166 build/drivers/bsp/uart/src/bsp_uart.o
 .debug_macro   0x00000000000176a1      0x1a9 build/platform/boards/stm32f103rct6_generic/src/board.o
 .debug_macro   0x000000000001784a      0x234 build/platform/boards/stm32f103rct6_generic/src/board_irq.o
 .debug_macro   0x0000000000017a7e       0x8e build/platform/boards/stm32f103rct6_generic/src/board_irq.o
 .debug_macro   0x0000000000017b0c       0x1b build/platform/boards/stm32f103rct6_generic/src/stm32f1xx_it.o
 .debug_macro   0x0000000000017b27      0x192 build/platform/cmsis/device/st/stm32f1xx/src/system_stm32f1xx.o
 .debug_macro   0x0000000000017cb9      0x1b0 build/platform/hal/stm32f1/src/stm32f1xx_hal.o
 .debug_macro   0x0000000000017e69      0x18c build/platform/hal/stm32f1/src/stm32f1xx_hal_cortex.o
 .debug_macro   0x0000000000017ff5      0x18c build/platform/hal/stm32f1/src/stm32f1xx_hal_dma.o